Archive member included to satisfy reference by file (symbol)

/root/ws/makeself_dir_wVz5mf/y/plugins/com.st.stm32cube.ide.mcu.externaltools.gnu-tools-for-stm32.13.3.rel1.linux64_1.0.0.202410170706/tools/bin/../lib/gcc/arm-none-eabi/13.3.1/../../../../arm-none-eabi/lib/thumb/v7-m/nofp/libc_nano.a(libc_a-exit.o)
                              /root/ws/makeself_dir_wVz5mf/y/plugins/com.st.stm32cube.ide.mcu.externaltools.gnu-tools-for-stm32.13.3.rel1.linux64_1.0.0.202410170706/tools/bin/../lib/gcc/arm-none-eabi/13.3.1/../../../../arm-none-eabi/lib/thumb/v7-m/nofp/crt0.o (exit)
/root/ws/makeself_dir_wVz5mf/y/plugins/com.st.stm32cube.ide.mcu.externaltools.gnu-tools-for-stm32.13.3.rel1.linux64_1.0.0.202410170706/tools/bin/../lib/gcc/arm-none-eabi/13.3.1/../../../../arm-none-eabi/lib/thumb/v7-m/nofp/libc_nano.a(libc_a-findfp.o)
                              /root/ws/makeself_dir_wVz5mf/y/plugins/com.st.stm32cube.ide.mcu.externaltools.gnu-tools-for-stm32.13.3.rel1.linux64_1.0.0.202410170706/tools/bin/../lib/gcc/arm-none-eabi/13.3.1/../../../../arm-none-eabi/lib/thumb/v7-m/nofp/libc_nano.a(libc_a-exit.o) (__stdio_exit_handler)
/root/ws/makeself_dir_wVz5mf/y/plugins/com.st.stm32cube.ide.mcu.externaltools.gnu-tools-for-stm32.13.3.rel1.linux64_1.0.0.202410170706/tools/bin/../lib/gcc/arm-none-eabi/13.3.1/../../../../arm-none-eabi/lib/thumb/v7-m/nofp/libc_nano.a(libc_a-fwalk.o)
                              /root/ws/makeself_dir_wVz5mf/y/plugins/com.st.stm32cube.ide.mcu.externaltools.gnu-tools-for-stm32.13.3.rel1.linux64_1.0.0.202410170706/tools/bin/../lib/gcc/arm-none-eabi/13.3.1/../../../../arm-none-eabi/lib/thumb/v7-m/nofp/libc_nano.a(libc_a-findfp.o) (_fwalk_sglue)
/root/ws/makeself_dir_wVz5mf/y/plugins/com.st.stm32cube.ide.mcu.externaltools.gnu-tools-for-stm32.13.3.rel1.linux64_1.0.0.202410170706/tools/bin/../lib/gcc/arm-none-eabi/13.3.1/../../../../arm-none-eabi/lib/thumb/v7-m/nofp/libc_nano.a(libc_a-printf.o)
                              ./Core/Src/main.o (printf)
/root/ws/makeself_dir_wVz5mf/y/plugins/com.st.stm32cube.ide.mcu.externaltools.gnu-tools-for-stm32.13.3.rel1.linux64_1.0.0.202410170706/tools/bin/../lib/gcc/arm-none-eabi/13.3.1/../../../../arm-none-eabi/lib/thumb/v7-m/nofp/libc_nano.a(libc_a-stdio.o)
                              /root/ws/makeself_dir_wVz5mf/y/plugins/com.st.stm32cube.ide.mcu.externaltools.gnu-tools-for-stm32.13.3.rel1.linux64_1.0.0.202410170706/tools/bin/../lib/gcc/arm-none-eabi/13.3.1/../../../../arm-none-eabi/lib/thumb/v7-m/nofp/libc_nano.a(libc_a-findfp.o) (__sread)
/root/ws/makeself_dir_wVz5mf/y/plugins/com.st.stm32cube.ide.mcu.externaltools.gnu-tools-for-stm32.13.3.rel1.linux64_1.0.0.202410170706/tools/bin/../lib/gcc/arm-none-eabi/13.3.1/../../../../arm-none-eabi/lib/thumb/v7-m/nofp/libc_nano.a(libc_a-memset.o)
                              /root/ws/makeself_dir_wVz5mf/y/plugins/com.st.stm32cube.ide.mcu.externaltools.gnu-tools-for-stm32.13.3.rel1.linux64_1.0.0.202410170706/tools/bin/../lib/gcc/arm-none-eabi/13.3.1/../../../../arm-none-eabi/lib/thumb/v7-m/nofp/crt0.o (memset)
/root/ws/makeself_dir_wVz5mf/y/plugins/com.st.stm32cube.ide.mcu.externaltools.gnu-tools-for-stm32.13.3.rel1.linux64_1.0.0.202410170706/tools/bin/../lib/gcc/arm-none-eabi/13.3.1/../../../../arm-none-eabi/lib/thumb/v7-m/nofp/libc_nano.a(libc_a-closer.o)
                              /root/ws/makeself_dir_wVz5mf/y/plugins/com.st.stm32cube.ide.mcu.externaltools.gnu-tools-for-stm32.13.3.rel1.linux64_1.0.0.202410170706/tools/bin/../lib/gcc/arm-none-eabi/13.3.1/../../../../arm-none-eabi/lib/thumb/v7-m/nofp/libc_nano.a(libc_a-stdio.o) (_close_r)
/root/ws/makeself_dir_wVz5mf/y/plugins/com.st.stm32cube.ide.mcu.externaltools.gnu-tools-for-stm32.13.3.rel1.linux64_1.0.0.202410170706/tools/bin/../lib/gcc/arm-none-eabi/13.3.1/../../../../arm-none-eabi/lib/thumb/v7-m/nofp/libc_nano.a(libc_a-reent.o)
                              /root/ws/makeself_dir_wVz5mf/y/plugins/com.st.stm32cube.ide.mcu.externaltools.gnu-tools-for-stm32.13.3.rel1.linux64_1.0.0.202410170706/tools/bin/../lib/gcc/arm-none-eabi/13.3.1/../../../../arm-none-eabi/lib/thumb/v7-m/nofp/libc_nano.a(libc_a-closer.o) (errno)
/root/ws/makeself_dir_wVz5mf/y/plugins/com.st.stm32cube.ide.mcu.externaltools.gnu-tools-for-stm32.13.3.rel1.linux64_1.0.0.202410170706/tools/bin/../lib/gcc/arm-none-eabi/13.3.1/../../../../arm-none-eabi/lib/thumb/v7-m/nofp/libc_nano.a(libc_a-impure.o)
                              /root/ws/makeself_dir_wVz5mf/y/plugins/com.st.stm32cube.ide.mcu.externaltools.gnu-tools-for-stm32.13.3.rel1.linux64_1.0.0.202410170706/tools/bin/../lib/gcc/arm-none-eabi/13.3.1/../../../../arm-none-eabi/lib/thumb/v7-m/nofp/libc_nano.a(libc_a-printf.o) (_impure_ptr)
/root/ws/makeself_dir_wVz5mf/y/plugins/com.st.stm32cube.ide.mcu.externaltools.gnu-tools-for-stm32.13.3.rel1.linux64_1.0.0.202410170706/tools/bin/../lib/gcc/arm-none-eabi/13.3.1/../../../../arm-none-eabi/lib/thumb/v7-m/nofp/libc_nano.a(libc_a-lseekr.o)
[...]
Memory Configuration

Name             Origin             Length             Attributes
RAM              0x20000000         0x00020000         xrw
FLASH            0x08000000         0x00100000         xr
*default*        0x00000000         0xffffffff

Linker script and memory map

LOAD /root/ws/makeself_dir_wVz5mf/y/plugins/com.st.stm32cube.ide.mcu.externaltools.gnu-tools-for-stm32.13.3.rel1.linux64_1.0.0.202410170706/tools/bin/../lib/gcc/arm-none-eabi/13.3.1/thumb/v7-m/nofp/crti.o
LOAD /root/ws/makeself_dir_wVz5mf/y/plugins/com.st.stm32cube.ide.mcu.externaltools.gnu-tools-for-stm32.13.3.rel1.linux64_1.0.0.202410170706/tools/bin/../lib/gcc/arm-none-eabi/13.3.1/thumb/v7-m/nofp/crtbegin.o
LOAD /root/ws/makeself_dir_wVz5mf/y/plugins/com.st.stm32cube.ide.mcu.externaltools.gnu-tools-for-stm32.13.3.rel1.linux64_1.0.0.202410170706/tools/bin/../lib/gcc/arm-none-eabi/13.3.1/../../../../arm-none-eabi/lib/thumb/v7-m/nofp/crt0.o
LOAD ./Core/Src/main.o
LOAD ./Core/Src/stm32f2xx_hal_msp.o
LOAD ./Core/Src/stm32f2xx_it.o
LOAD ./Core/Src/syscalls.o
LOAD ./Core/Src/sysmem.o
LOAD ./Core/Src/system_stm32f2xx.o
LOAD ./Core/Startup/startup_stm32f207zgtx.o
LOAD ./Drivers/STM32F2xx_HAL_Driver/Src/stm32f2xx_hal.o
LOAD ./Drivers/STM32F2xx_HAL_Driver/Src/stm32f2xx_hal_cortex.o
LOAD ./Drivers/STM32F2xx_HAL_Driver/Src/stm32f2xx_hal_dma.o
LOAD ./Drivers/STM32F2xx_HAL_Driver/Src/stm32f2xx_hal_dma_ex.o
LOAD ./Drivers/STM32F2xx_HAL_Driver/Src/stm32f2xx_hal_exti.o
LOAD ./Drivers/STM32F2xx_HAL_Driver/Src/stm32f2xx_hal_flash.o
LOAD ./Drivers/STM32F2xx_HAL_Driver/Src/stm32f2xx_hal_flash_ex.o
LOAD ./Drivers/STM32F2xx_HAL_Driver/Src/stm32f2xx_hal_gpio.o
LOAD ./Drivers/STM32F2xx_HAL_Driver/Src/stm32f2xx_hal_pwr.o
LOAD ./Drivers/STM32F2xx_HAL_Driver/Src/stm32f2xx_hal_pwr_ex.o
LOAD ./Drivers/STM32F2xx_HAL_Driver/Src/stm32f2xx_hal_rcc.o
LOAD ./Drivers/STM32F2xx_HAL_Driver/Src/stm32f2xx_hal_rcc_ex.o
LOAD ./Drivers/STM32F2xx_HAL_Driver/Src/stm32f2xx_hal_uart.o
START GROUP
LOAD /root/ws/makeself_dir_wVz5mf/y/plugins/com.st.stm32cube.ide.mcu.externaltools.gnu-tools-for-stm32.13.3.rel1.linux64_1.0.0.202410170706/tools/bin/../lib/gcc/arm-none-eabi/13.3.1/../../../../arm-none-eabi/lib/thumb/v7-m/nofp/libc_nano.a
LOAD /root/ws/makeself_dir_wVz5mf/y/plugins/com.st.stm32cube.ide.mcu.externaltools.gnu-tools-for-stm32.13.3.rel1.linux64_1.0.0.202410170706/tools/bin/../lib/gcc/arm-none-eabi/13.3.1/../../../../arm-none-eabi/lib/thumb/v7-m/nofp/libm.a
END GROUP
START GROUP
LOAD /root/ws/makeself_dir_wVz5mf/y/plugins/com.st.stm32cube.ide.mcu.externaltools.gnu-tools-for-stm32.13.3.rel1.linux64_1.0.0.202410170706/tools/bin/../lib/gcc/arm-none-eabi/13.3.1/thumb/v7-m/nofp/libgcc.a
LOAD /root/ws/makeself_dir_wVz5mf/y/plugins/com.st.stm32cube.ide.mcu.externaltools.gnu-tools-for-stm32.13.3.rel1.linux64_1.0.0.202410170706/tools/bin/../lib/gcc/arm-none-eabi/13.3.1/../../../../arm-none-eabi/lib/thumb/v7-m/nofp/libc_nano.a
END GROUP
START GROUP
LOAD /root/ws/makeself_dir_wVz5mf/y/plugins/com.st.stm32cube.ide.mcu.externaltools.gnu-tools-for-stm32.13.3.rel1.linux64_1.0.0.202410170706/tools/bin/../lib/gcc/arm-none-eabi/13.3.1/thumb/v7-m/nofp/libgcc.a
LOAD /root/ws/makeself_dir_wVz5mf/y/plugins/com.st.stm32cube.ide.mcu.externaltools.gnu-tools-for-stm32.13.3.rel1.linux64_1.0.0.202410170706/tools/bin/../lib/gcc/arm-none-eabi/13.3.1/../../../../arm-none-eabi/lib/thumb/v7-m/nofp/libc_nano.a
LOAD /root/ws/makeself_dir_wVz5mf/y/plugins/com.st.stm32cube.ide.mcu.externaltools.gnu-tools-for-stm32.13.3.rel1.linux64_1.0.0.202410170706/tools/bin/../lib/gcc/arm-none-eabi/13.3.1/../../../../arm-none-eabi/lib/thumb/v7-m/nofp/libnosys.a
END GROUP
START GROUP
LOAD /root/ws/makeself_dir_wVz5mf/y/plugins/com.st.stm32cube.ide.mcu.externaltools.gnu-tools-for-stm32.13.3.rel1.linux64_1.0.0.202410170706/tools/bin/../lib/gcc/arm-none-eabi/13.3.1/thumb/v7-m/nofp/libgcc.a
LOAD /root/ws/makeself_dir_wVz5mf/y/plugins/com.st.stm32cube.ide.mcu.externaltools.gnu-tools-for-stm32.13.3.rel1.linux64_1.0.0.202410170706/tools/bin/../lib/gcc/arm-none-eabi/13.3.1/../../../../arm-none-eabi/lib/thumb/v7-m/nofp/libc_nano.a
LOAD /root/ws/makeself_dir_wVz5mf/y/plugins/com.st.stm32cube.ide.mcu.externaltools.gnu-tools-for-stm32.13.3.rel1.linux64_1.0.0.202410170706/tools/bin/../lib/gcc/arm-none-eabi/13.3.1/../../../../arm-none-eabi/lib/thumb/v7-m/nofp/libnosys.a
END GROUP
LOAD /root/ws/makeself_dir_wVz5mf/y/plugins/com.st.stm32cube.ide.mcu.externaltools.gnu-tools-for-stm32.13.3.rel1.linux64_1.0.0.202410170706/tools/bin/../lib/gcc/arm-none-eabi/13.3.1/thumb/v7-m/nofp/crtend.o
LOAD /root/ws/makeself_dir_wVz5mf/y/plugins/com.st.stm32cube.ide.mcu.externaltools.gnu-tools-for-stm32.13.3.rel1.linux64_1.0.0.202410170706/tools/bin/../lib/gcc/arm-none-eabi/13.3.1/thumb/v7-m/nofp/crtn.o
                0x20020000                        _estack = (ORIGIN (RAM) + LENGTH (RAM))
                0x00000200                        _Min_Heap_Size = 0x200
                0x00000400                        _Min_Stack_Size = 0x400

.isr_vector     0x08000000      0x184
                0x08000000                        . = ALIGN (0x4)
 *(.isr_vector)
 .isr_vector    0x08000000      0x184 ./Core/Startup/startup_stm32f207zgtx.o
                0x08000000                g_pfnVectors
                0x08000184                        . = ALIGN (0x4)

.text           0x08000184     0x29d4
                0x08000184                        . = ALIGN (0x4)
 *(.text)
 .text          0x08000184       0x40 /root/ws/makeself_dir_wVz5mf/y/plugins/com.st.stm32cube.ide.mcu.externaltools.gnu-tools-for-stm32.13.3.rel1.linux64_1.0.0.202410170706/tools/bin/../lib/gcc/arm-none-eabi/13.3.1/thumb/v7-m/nofp/crtbegin.o
 .text          0x080001c4       0x30 /root/ws/makeself_dir_wVz5mf/y/plugins/com.st.stm32cube.ide.mcu.externaltools.gnu-tools-for-stm32.13.3.rel1.linux64_1.0.0.202410170706/tools/bin/../lib/gcc/arm-none-eabi/13.3.1/thumb/v7-m/nofp/libgcc.a(_aeabi_uldivmod.o)
                0x080001c4                __aeabi_uldivmod
 .text          0x080001f4      0x300 /root/ws/makeself_dir_wVz5mf/y/plugins/com.st.stm32cube.ide.mcu.externaltools.gnu-tools-for-stm32.13.3.rel1.linux64_1.0.0.202410170706/tools/bin/../lib/gcc/arm-none-eabi/13.3.1/thumb/v7-m/nofp/libgcc.a(_udivmoddi4.o)
                0x080001f4                __udivmoddi4
 .text          0x080004f4        0x4 /root/ws/makeself_dir_wVz5mf/y/plugins/com.st.stm32cube.ide.mcu.externaltools.gnu-tools-for-stm32.13.3.rel1.linux64_1.0.0.202410170706/tools/bin/../lib/gcc/arm-none-eabi/13.3.1/thumb/v7-m/nofp/libgcc.a(_dvmd_tls.o)
                0x080004f4                __aeabi_ldiv0
                0x080004f4                __aeabi_idiv0
 *(.text*)
 .text.main     0x080004f8       0x38 ./Core/Src/main.o
                0x080004f8                main
 .text.SystemClock_Config
                0x08000530       0x76 ./Core/Src/main.o
                0x08000530                SystemClock_Config
 *fill*         0x080005a6        0x2 
 .text.MX_USART6_UART_Init
                0x080005a8       0x54 ./Core/Src/main.o
 .text.MX_GPIO_Init
                0x080005fc       0x30 ./Core/Src/main.o
 .text._write   0x0800062c       0x2c ./Core/Src/main.o
                0x0800062c                _write
 .text.Error_Handler
                0x08000658        0xc ./Core/Src/main.o
                0x08000658                Error_Handler
 .text.HAL_MspInit
                0x08000664       0x4c ./Core/Src/stm32f2xx_hal_msp.o
                0x08000664                HAL_MspInit
 .text.HAL_UART_MspInit
                0x080006b0       0x90 ./Core/Src/stm32f2xx_hal_msp.o
                0x080006b0                HAL_UART_MspInit
 .text.NMI_Handler
                0x08000740        0x8 ./Core/Src/stm32f2xx_it.o
                0x08000740                NMI_Handler
 .text.HardFault_Handler
                0x08000748        0x8 ./Core/Src/stm32f2xx_it.o
                0x08000748                HardFault_Handler
 .text.MemManage_Handler
                0x08000750        0x8 ./Core/Src/stm32f2xx_it.o
                0x08000750                MemManage_Handler
 .text.BusFault_Handler
                0x08000758        0x8 ./Core/Src/stm32f2xx_it.o
                0x08000758                BusFault_Handler
 .text.UsageFault_Handler
                0x08000760        0x8 ./Core/Src/stm32f2xx_it.o
                0x08000760                UsageFault_Handler
 .text.SVC_Handler
                0x08000768        0xc ./Core/Src/stm32f2xx_it.o
                0x08000768                SVC_Handler
 .text.DebugMon_Handler
                0x08000774        0xc ./Core/Src/stm32f2xx_it.o
                0x08000774                DebugMon_Handler
 .text.PendSV_Handler
                0x08000780        0xc ./Core/Src/stm32f2xx_it.o
                0x08000780                PendSV_Handler
 .text.SysTick_Handler
                0x0800078c        0xc ./Core/Src/stm32f2xx_it.o
                0x0800078c                SysTick_Handler
 .text._read    0x08000798       0x3a ./Core/Src/syscalls.o
                0x08000798                _read
 .text._close   0x080007d2       0x16 ./Core/Src/syscalls.o
                0x080007d2                _close
 .text._fstat   0x080007e8       0x1e ./Core/Src/syscalls.o
                0x080007e8                _fstat
 .text._isatty  0x08000806       0x14 ./Core/Src/syscalls.o
                0x08000806                _isatty
 .text._lseek   0x0800081a       0x18 ./Core/Src/syscalls.o
                0x0800081a                _lseek
 *fill*         0x08000832        0x2 
 .text._sbrk    0x08000834       0x6c ./Core/Src/sysmem.o
                0x08000834                _sbrk
 .text.SystemInit
                0x080008a0        0xc ./Core/Src/system_stm32f2xx.o
                0x080008a0                SystemInit
 .text.Reset_Handler
                0x080008ac       0x50 ./Core/Startup/startup_stm32f207zgtx.o
                0x080008ac                Reset_Handler
 .text.Default_Handler
                0x080008fc        0x2 ./Core/Startup/startup_stm32f207zgtx.o
                0x080008fc                RTC_Alarm_IRQHandler
                0x080008fc                HASH_RNG_IRQHandler
                0x080008fc                EXTI2_IRQHandler
                0x080008fc                TIM8_CC_IRQHandler
                0x080008fc                TIM1_CC_IRQHandler
                0x080008fc                DMA2_Stream5_IRQHandler
                0x080008fc                DMA1_Stream5_IRQHandler
                0x080008fc                PVD_IRQHandler
                0x080008fc                SDIO_IRQHandler
                0x080008fc                TAMP_STAMP_IRQHandler
                0x080008fc                CAN2_RX1_IRQHandler
                0x080008fc                EXTI3_IRQHandler
                0x080008fc                TIM8_TRG_COM_TIM14_IRQHandler
                0x080008fc                TIM1_UP_TIM10_IRQHandler
                0x080008fc                TIM8_UP_TIM13_IRQHandler
                0x080008fc                I2C3_ER_IRQHandler
                0x080008fc                EXTI0_IRQHandler
                0x080008fc                I2C2_EV_IRQHandler
                0x080008fc                DMA1_Stream2_IRQHandler
                0x080008fc                CAN1_RX0_IRQHandler
                0x080008fc                OTG_HS_WKUP_IRQHandler
                0x080008fc                CAN2_SCE_IRQHandler
                0x080008fc                DMA2_Stream2_IRQHandler
                0x080008fc                SPI1_IRQHandler
                0x080008fc                TIM6_DAC_IRQHandler
                0x080008fc                TIM1_BRK_TIM9_IRQHandler
                0x080008fc                DCMI_IRQHandler
                0x080008fc                CAN2_RX0_IRQHandler
                0x080008fc                DMA2_Stream3_IRQHandler
                0x080008fc                USART6_IRQHandler
                0x080008fc                USART3_IRQHandler
                0x080008fc                CAN1_RX1_IRQHandler
                0x080008fc                UART5_IRQHandler
                0x080008fc                DMA2_Stream0_IRQHandler
                0x080008fc                TIM4_IRQHandler
                0x080008fc                I2C1_EV_IRQHandler
                0x080008fc                DMA1_Stream6_IRQHandler
                0x080008fc                DMA1_Stream1_IRQHandler
                0x080008fc                UART4_IRQHandler
                0x080008fc                TIM3_IRQHandler
                0x080008fc                RCC_IRQHandler
                0x080008fc                TIM8_BRK_TIM12_IRQHandler
                0x080008fc                Default_Handler
                0x080008fc                EXTI15_10_IRQHandler
                0x080008fc                ADC_IRQHandler
                0x080008fc                DMA1_Stream7_IRQHandler
                0x080008fc                TIM7_IRQHandler
                0x080008fc                CAN2_TX_IRQHandler
                0x080008fc                TIM5_IRQHandler
                0x080008fc                DMA2_Stream7_IRQHandler
                0x080008fc                I2C3_EV_IRQHandler
                0x080008fc                EXTI9_5_IRQHandler
                0x080008fc                RTC_WKUP_IRQHandler
                0x080008fc                ETH_WKUP_IRQHandler
                0x080008fc                SPI2_IRQHandler
                0x080008fc                OTG_HS_EP1_IN_IRQHandler
                0x080008fc                DMA1_Stream0_IRQHandler
                0x080008fc                CAN1_TX_IRQHandler
                0x080008fc                EXTI4_IRQHandler
                0x080008fc                FSMC_IRQHandler
                0x080008fc                ETH_IRQHandler
                0x080008fc                OTG_HS_EP1_OUT_IRQHandler
                0x080008fc                WWDG_IRQHandler
                0x080008fc                TIM2_IRQHandler
                0x080008fc                OTG_FS_WKUP_IRQHandler
                0x080008fc                TIM1_TRG_COM_TIM11_IRQHandler
                0x080008fc                OTG_HS_IRQHandler
                0x080008fc                EXTI1_IRQHandler
                0x080008fc                USART2_IRQHandler
                0x080008fc                I2C2_ER_IRQHandler
                0x080008fc                DMA2_Stream1_IRQHandler
                0x080008fc                CAN1_SCE_IRQHandler
                0x080008fc                FLASH_IRQHandler
                0x080008fc                DMA2_Stream4_IRQHandler
                0x080008fc                USART1_IRQHandler
                0x080008fc                OTG_FS_IRQHandler
                0x080008fc                SPI3_IRQHandler
                0x080008fc                DMA1_Stream4_IRQHandler
                0x080008fc                I2C1_ER_IRQHandler
                0x080008fc                DMA2_Stream6_IRQHandler
                0x080008fc                DMA1_Stream3_IRQHandler
 *fill*         0x080008fe        0x2 
 .text.HAL_Init
                0x08000900       0x44 ./Drivers/STM32F2xx_HAL_Driver/Src/stm32f2xx_hal.o
                0x08000900                HAL_Init
 .text.HAL_InitTick
                0x08000944       0x60 ./Drivers/STM32F2xx_HAL_Driver/Src/stm32f2xx_hal.o
                0x08000944                HAL_InitTick
 .text.HAL_IncTick
                0x080009a4       0x24 ./Drivers/STM32F2xx_HAL_Driver/Src/stm32f2xx_hal.o
                0x080009a4                HAL_IncTick
 .text.HAL_GetTick
                0x080009c8       0x14 ./Drivers/STM32F2xx_HAL_Driver/Src/stm32f2xx_hal.o
                0x080009c8                HAL_GetTick
 .text.HAL_Delay
                0x080009dc       0x48 ./Drivers/STM32F2xx_HAL_Driver/Src/stm32f2xx_hal.o
                0x080009dc                HAL_Delay
 .text.__NVIC_SetPriorityGrouping
                0x08000a24       0x48 ./Drivers/STM32F2xx_HAL_Driver/Src/stm32f2xx_hal_cortex.o
 .text.__NVIC_GetPriorityGrouping
                0x08000a6c       0x1c ./Drivers/STM32F2xx_HAL_Driver/Src/stm32f2xx_hal_cortex.o
 .text.__NVIC_SetPriority
                0x08000a88       0x54 ./Drivers/STM32F2xx_HAL_Driver/Src/stm32f2xx_hal_cortex.o
 .text.NVIC_EncodePriority
                0x08000adc       0x64 ./Drivers/STM32F2xx_HAL_Driver/Src/stm32f2xx_hal_cortex.o
 .text.SysTick_Config
                0x08000b40       0x44 ./Drivers/STM32F2xx_HAL_Driver/Src/stm32f2xx_hal_cortex.o
 .text.HAL_NVIC_SetPriorityGrouping
                0x08000b84       0x16 ./Drivers/STM32F2xx_HAL_Driver/Src/stm32f2xx_hal_cortex.o
                0x08000b84                HAL_NVIC_SetPriorityGrouping
 .text.HAL_NVIC_SetPriority
                0x08000b9a       0x38 ./Drivers/STM32F2xx_HAL_Driver/Src/stm32f2xx_hal_cortex.o
                0x08000b9a                HAL_NVIC_SetPriority
 .text.HAL_SYSTICK_Config
                0x08000bd2       0x18 ./Drivers/STM32F2xx_HAL_Driver/Src/stm32f2xx_hal_cortex.o
                0x08000bd2                HAL_SYSTICK_Config
 *fill*         0x08000bea        0x2 
 .text.HAL_GPIO_Init
                0x08000bec      0x33c ./Drivers/STM32F2xx_HAL_Driver/Src/stm32f2xx_hal_gpio.o
                0x08000bec                HAL_GPIO_Init
 .text.HAL_RCC_OscConfig
                0x08000f28      0x4a8 ./Drivers/STM32F2xx_HAL_Driver/Src/stm32f2xx_hal_rcc.o
                0x08000f28                HAL_RCC_OscConfig
 .text.HAL_RCC_ClockConfig
                0x080013d0      0x1d8 ./Drivers/STM32F2xx_HAL_Driver/Src/stm32f2xx_hal_rcc.o
                0x080013d0                HAL_RCC_ClockConfig
 .text.HAL_RCC_GetSysClockFreq
                0x080015a8      0x18c ./Drivers/STM32F2xx_HAL_Driver/Src/stm32f2xx_hal_rcc.o
                0x080015a8                HAL_RCC_GetSysClockFreq
 .text.HAL_RCC_GetHCLKFreq
                0x08001734       0x14 ./Drivers/STM32F2xx_HAL_Driver/Src/stm32f2xx_hal_rcc.o
                0x08001734                HAL_RCC_GetHCLKFreq
 .text.HAL_RCC_GetPCLK1Freq
                0x08001748       0x44 ./Drivers/STM32F2xx_HAL_Driver/Src/stm32f2xx_hal_rcc.o
                0x08001748                HAL_RCC_GetPCLK1Freq
 .text.HAL_RCC_GetPCLK2Freq
                0x0800178c       0x44 ./Drivers/STM32F2xx_HAL_Driver/Src/stm32f2xx_hal_rcc.o
                0x0800178c                HAL_RCC_GetPCLK2Freq
 .text.HAL_UART_Init
                0x080017d0       0xa0 ./Drivers/STM32F2xx_HAL_Driver/Src/stm32f2xx_hal_uart.o
                0x080017d0                HAL_UART_Init
 .text.HAL_UART_Transmit
                0x08001870      0x116 ./Drivers/STM32F2xx_HAL_Driver/Src/stm32f2xx_hal_uart.o
                0x08001870                HAL_UART_Transmit
 .text.UART_WaitOnFlagUntilTimeout
                0x08001986       0xb2 ./Drivers/STM32F2xx_HAL_Driver/Src/stm32f2xx_hal_uart.o
 .text.UART_EndRxTransfer
                0x08001a38       0xc4 ./Drivers/STM32F2xx_HAL_Driver/Src/stm32f2xx_hal_uart.o
 .text.UART_SetConfig
                0x08001afc      0x1d4 ./Drivers/STM32F2xx_HAL_Driver/Src/stm32f2xx_hal_uart.o
 .text.std      0x08001cd0       0x6c /root/ws/makeself_dir_wVz5mf/y/plugins/com.st.stm32cube.ide.mcu.externaltools.gnu-tools-for-stm32.13.3.rel1.linux64_1.0.0.202410170706/tools/bin/../lib/gcc/arm-none-eabi/13.3.1/../../../../arm-none-eabi/lib/thumb/v7-m/nofp/libc_nano.a(libc_a-findfp.o)
 .text.stdio_exit_handler
                0x08001d3c       0x18 /root/ws/makeself_dir_wVz5mf/y/plugins/com.st.stm32cube.ide.mcu.externaltools.gnu-tools-for-stm32.13.3.rel1.linux64_1.0.0.202410170706/tools/bin/../lib/gcc/arm-none-eabi/13.3.1/../../../../arm-none-eabi/lib/thumb/v7-m/nofp/libc_nano.a(libc_a-findfp.o)
 .text.cleanup_stdio
                0x08001d54       0x40 /root/ws/makeself_dir_wVz5mf/y/plugins/com.st.stm32cube.ide.mcu.externaltools.gnu-tools-for-stm32.13.3.rel1.linux64_1.0.0.202410170706/tools/bin/../lib/gcc/arm-none-eabi/13.3.1/../../../../arm-none-eabi/lib/thumb/v7-m/nofp/libc_nano.a(libc_a-findfp.o)
 .text.global_stdio_init.part.0
                0x08001d94       0x3c /root/ws/makeself_dir_wVz5mf/y/plugins/com.st.stm32cube.ide.mcu.externaltools.gnu-tools-for-stm32.13.3.rel1.linux64_1.0.0.202410170706/tools/bin/../lib/gcc/arm-none-eabi/13.3.1/../../../../arm-none-eabi/lib/thumb/v7-m/nofp/libc_nano.a(libc_a-findfp.o)
 .text.__sfp_lock_acquire
                0x08001dd0        0xc /root/ws/makeself_dir_wVz5mf/y/plugins/com.st.stm32cube.ide.mcu.externaltools.gnu-tools-for-stm32.13.3.rel1.linux64_1.0.0.202410170706/tools/bin/../lib/gcc/arm-none-eabi/13.3.1/../../../../arm-none-eabi/lib/thumb/v7-m/nofp/libc_nano.a(libc_a-findfp.o)
                0x08001dd0                __sfp_lock_acquire
 .text.__sfp_lock_release
                0x08001ddc        0xc /root/ws/makeself_dir_wVz5mf/y/plugins/com.st.stm32cube.ide.mcu.externaltools.gnu-tools-for-stm32.13.3.rel1.linux64_1.0.0.202410170706/tools/bin/../lib/gcc/arm-none-eabi/13.3.1/../../../../arm-none-eabi/lib/thumb/v7-m/nofp/libc_nano.a(libc_a-findfp.o)
                0x08001ddc                __sfp_lock_release
 .text.__sinit  0x08001de8       0x30 /root/ws/makeself_dir_wVz5mf/y/plugins/com.st.stm32cube.ide.mcu.externaltools.gnu-tools-for-stm32.13.3.rel1.linux64_1.0.0.202410170706/tools/bin/../lib/gcc/arm-none-eabi/13.3.1/../../../../arm-none-eabi/lib/thumb/v7-m/nofp/libc_nano.a(libc_a-findfp.o)
                0x08001de8                __sinit
 .text._fwalk_sglue
                0x08001e18       0x3c /root/ws/makeself_dir_wVz5mf/y/plugins/com.st.stm32cube.ide.mcu.externaltools.gnu-tools-for-stm32.13.3.rel1.linux64_1.0.0.202410170706/tools/bin/../lib/gcc/arm-none-eabi/13.3.1/../../../../arm-none-eabi/lib/thumb/v7-m/nofp/libc_nano.a(libc_a-fwalk.o)
                0x08001e18                _fwalk_sglue
 .text.printf   0x08001e54       0x24 /root/ws/makeself_dir_wVz5mf/y/plugins/com.st.stm32cube.ide.mcu.externaltools.gnu-tools-for-stm32.13.3.rel1.linux64_1.0.0.202410170706/tools/bin/../lib/gcc/arm-none-eabi/13.3.1/../../../../arm-none-eabi/lib/thumb/v7-m/nofp/libc_nano.a(libc_a-printf.o)
                0x08001e54                printf
                0x08001e54                iprintf
 .text.__sread  0x08001e78       0x22 /root/ws/makeself_dir_wVz5mf/y/plugins/com.st.stm32cube.ide.mcu.externaltools.gnu-tools-for-stm32.13.3.rel1.linux64_1.0.0.202410170706/tools/bin/../lib/gcc/arm-none-eabi/13.3.1/../../../../arm-none-eabi/lib/thumb/v7-m/nofp/libc_nano.a(libc_a-stdio.o)
                0x08001e78                __sread
 .text.__swrite
                0x08001e9a       0x38 /root/ws/makeself_dir_wVz5mf/y/plugins/com.st.stm32cube.ide.mcu.externaltools.gnu-tools-for-stm32.13.3.rel1.linux64_1.0.0.202410170706/tools/bin/../lib/gcc/arm-none-eabi/13.3.1/../../../../arm-none-eabi/lib/thumb/v7-m/nofp/libc_nano.a(libc_a-stdio.o)
                0x08001e9a                __swrite
 .text.__sseek  0x08001ed2       0x24 /root/ws/makeself_dir_wVz5mf/y/plugins/com.st.stm32cube.ide.mcu.externaltools.gnu-tools-for-stm32.13.3.rel1.linux64_1.0.0.202410170706/tools/bin/../lib/gcc/arm-none-eabi/13.3.1/../../../../arm-none-eabi/lib/thumb/v7-m/nofp/libc_nano.a(libc_a-stdio.o)
                0x08001ed2                __sseek
 .text.__sclose
                0x08001ef6        0x8 /root/ws/makeself_dir_wVz5mf/y/plugins/com.st.stm32cube.ide.mcu.externaltools.gnu-tools-for-stm32.13.3.rel1.linux64_1.0.0.202410170706/tools/bin/../lib/gcc/arm-none-eabi/13.3.1/../../../../arm-none-eabi/lib/thumb/v7-m/nofp/libc_nano.a(libc_a-stdio.o)
                0x08001ef6                __sclose
 .text.memset   0x08001efe       0x10 /root/ws/makeself_dir_wVz5mf/y/plugins/com.st.stm32cube.ide.mcu.externaltools.gnu-tools-for-stm32.13.3.rel1.linux64_1.0.0.202410170706/tools/bin/../lib/gcc/arm-none-eabi/13.3.1/../../../../arm-none-eabi/lib/thumb/v7-m/nofp/libc_nano.a(libc_a-memset.o)
                0x08001efe                memset
 *fill*         0x08001f0e        0x2 
 .text._close_r
                0x08001f10       0x20 /root/ws/makeself_dir_wVz5mf/y/plugins/com.st.stm32cube.ide.mcu.externaltools.gnu-tools-for-stm32.13.3.rel1.linux64_1.0.0.202410170706/tools/bin/../lib/gcc/arm-none-eabi/13.3.1/../../../../arm-none-eabi/lib/thumb/v7-m/nofp/libc_nano.a(libc_a-closer.o)
                0x08001f10                _close_r
 .text._lseek_r
                0x08001f30       0x24 /root/ws/makeself_dir_wVz5mf/y/plugins/com.st.stm32cube.ide.mcu.externaltools.gnu-tools-for-stm32.13.3.rel1.linux64_1.0.0.202410170706/tools/bin/../lib/gcc/arm-none-eabi/13.3.1/../../../../arm-none-eabi/lib/thumb/v7-m/nofp/libc_nano.a(libc_a-lseekr.o)
                0x08001f30                _lseek_r
 .text._read_r  0x08001f54       0x24 /root/ws/makeself_dir_wVz5mf/y/plugins/com.st.stm32cube.ide.mcu.externaltools.gnu-tools-for-stm32.13.3.rel1.linux64_1.0.0.202410170706/tools/bin/../lib/gcc/arm-none-eabi/13.3.1/../../../../arm-none-eabi/lib/thumb/v7-m/nofp/libc_nano.a(libc_a-readr.o)
                0x08001f54                _read_r
 .text._write_r
                0x08001f78       0x24 /root/ws/makeself_dir_wVz5mf/y/plugins/com.st.stm32cube.ide.mcu.externaltools.gnu-tools-for-stm32.13.3.rel1.linux64_1.0.0.202410170706/tools/bin/../lib/gcc/arm-none-eabi/13.3.1/../../../../arm-none-eabi/lib/thumb/v7-m/nofp/libc_nano.a(libc_a-writer.o)
                0x08001f78                _write_r
 .text.__errno  0x08001f9c        0xc /root/ws/makeself_dir_wVz5mf/y/plugins/com.st.stm32cube.ide.mcu.externaltools.gnu-tools-for-stm32.13.3.rel1.linux64_1.0.0.202410170706/tools/bin/../lib/gcc/arm-none-eabi/13.3.1/../../../../arm-none-eabi/lib/thumb/v7-m/nofp/libc_nano.a(libc_a-errno.o)
                0x08001f9c                __errno
 .text.__libc_init_array
                0x08001fa8       0x48 /root/ws/makeself_dir_wVz5mf/y/plugins/com.st.stm32cube.ide.mcu.externaltools.gnu-tools-for-stm32.13.3.rel1.linux64_1.0.0.202410170706/tools/bin/../lib/gcc/arm-none-eabi/13.3.1/../../../../arm-none-eabi/lib/thumb/v7-m/nofp/libc_nano.a(libc_a-init.o)
                0x08001fa8                __libc_init_array
 .text.__retarget_lock_init_recursive
                0x08001ff0        0x2 /root/ws/makeself_dir_wVz5mf/y/plugins/com.st.stm32cube.ide.mcu.externaltools.gnu-tools-for-stm32.13.3.rel1.linux64_1.0.0.202410170706/tools/bin/../lib/gcc/arm-none-eabi/13.3.1/../../../../arm-none-eabi/lib/thumb/v7-m/nofp/libc_nano.a(libc_a-lock.o)
                0x08001ff0                __retarget_lock_init_recursive
 .text.__retarget_lock_acquire_recursive
                0x08001ff2        0x2 /root/ws/makeself_dir_wVz5mf/y/plugins/com.st.stm32cube.ide.mcu.externaltools.gnu-tools-for-stm32.13.3.rel1.linux64_1.0.0.202410170706/tools/bin/../lib/gcc/arm-none-eabi/13.3.1/../../../../arm-none-eabi/lib/thumb/v7-m/nofp/libc_nano.a(libc_a-lock.o)
                0x08001ff2                __retarget_lock_acquire_recursive
 .text.__retarget_lock_release_recursive
                0x08001ff4        0x2 /root/ws/makeself_dir_wVz5mf/y/plugins/com.st.stm32cube.ide.mcu.externaltools.gnu-tools-for-stm32.13.3.rel1.linux64_1.0.0.202410170706/tools/bin/../lib/gcc/arm-none-eabi/13.3.1/../../../../arm-none-eabi/lib/thumb/v7-m/nofp/libc_nano.a(libc_a-lock.o)
                0x08001ff4                __retarget_lock_release_recursive
 *fill*         0x08001ff6        0x2 
 .text._free_r  0x08001ff8       0x90 /root/ws/makeself_dir_wVz5mf/y/plugins/com.st.stm32cube.ide.mcu.externaltools.gnu-tools-for-stm32.13.3.rel1.linux64_1.0.0.202410170706/tools/bin/../lib/gcc/arm-none-eabi/13.3.1/../../../../arm-none-eabi/lib/thumb/v7-m/nofp/libc_nano.a(libc_a-freer.o)
                0x08001ff8                _free_r
 .text.sbrk_aligned
                0x08002088       0x44 /root/ws/makeself_dir_wVz5mf/y/plugins/com.st.stm32cube.ide.mcu.externaltools.gnu-tools-for-stm32.13.3.rel1.linux64_1.0.0.202410170706/tools/bin/../lib/gcc/arm-none-eabi/13.3.1/../../../../arm-none-eabi/lib/thumb/v7-m/nofp/libc_nano.a(libc_a-mallocr.o)
 .text._malloc_r
                0x080020cc      0x100 /root/ws/makeself_dir_wVz5mf/y/plugins/com.st.stm32cube.ide.mcu.externaltools.gnu-tools-for-stm32.13.3.rel1.linux64_1.0.0.202410170706/tools/bin/../lib/gcc/arm-none-eabi/13.3.1/../../../../arm-none-eabi/lib/thumb/v7-m/nofp/libc_nano.a(libc_a-mallocr.o)
                0x080020cc                _malloc_r
 .text.__malloc_lock
                0x080021cc        0xc /root/ws/makeself_dir_wVz5mf/y/plugins/com.st.stm32cube.ide.mcu.externaltools.gnu-tools-for-stm32.13.3.rel1.linux64_1.0.0.202410170706/tools/bin/../lib/gcc/arm-none-eabi/13.3.1/../../../../arm-none-eabi/lib/thumb/v7-m/nofp/libc_nano.a(libc_a-mlock.o)
                0x080021cc                __malloc_lock
 .text.__malloc_unlock
                0x080021d8        0xc /root/ws/makeself_dir_wVz5mf/y/plugins/com.st.stm32cube.ide.mcu.externaltools.gnu-tools-for-stm32.13.3.rel1.linux64_1.0.0.202410170706/tools/bin/../lib/gcc/arm-none-eabi/13.3.1/../../../../arm-none-eabi/lib/thumb/v7-m/nofp/libc_nano.a(libc_a-mlock.o)
                0x080021d8                __malloc_unlock
 .text.__sfputc_r
                0x080021e4       0x2a /root/ws/makeself_dir_wVz5mf/y/plugins/com.st.stm32cube.ide.mcu.externaltools.gnu-tools-for-stm32.13.3.rel1.linux64_1.0.0.202410170706/tools/bin/../lib/gcc/arm-none-eabi/13.3.1/../../../../arm-none-eabi/lib/thumb/v7-m/nofp/libc_nano.a(libc_a-nano-vfprintf.o)
 .text.__sfputs_r
                0x0800220e       0x24 /root/ws/makeself_dir_wVz5mf/y/plugins/com.st.stm32cube.ide.mcu.externaltools.gnu-tools-for-stm32.13.3.rel1.linux64_1.0.0.202410170706/tools/bin/../lib/gcc/arm-none-eabi/13.3.1/../../../../arm-none-eabi/lib/thumb/v7-m/nofp/libc_nano.a(libc_a-nano-vfprintf.o)
                0x0800220e                __sfputs_r
 *fill*         0x08002232        0x2 
 .text._vfprintf_r
                0x08002234      0x230 /root/ws/makeself_dir_wVz5mf/y/plugins/com.st.stm32cube.ide.mcu.externaltools.gnu-tools-for-stm32.13.3.rel1.linux64_1.0.0.202410170706/tools/bin/../lib/gcc/arm-none-eabi/13.3.1/../../../../arm-none-eabi/lib/thumb/v7-m/nofp/libc_nano.a(libc_a-nano-vfprintf.o)
                0x08002234                _vfiprintf_r
                0x08002234                _vfprintf_r
 .text._printf_common
                0x08002464       0xe4 /root/ws/makeself_dir_wVz5mf/y/plugins/com.st.stm32cube.ide.mcu.externaltools.gnu-tools-for-stm32.13.3.rel1.linux64_1.0.0.202410170706/tools/bin/../lib/gcc/arm-none-eabi/13.3.1/../../../../arm-none-eabi/lib/thumb/v7-m/nofp/libc_nano.a(libc_a-nano-vfprintf_i.o)
                0x08002464                _printf_common
 .text._printf_i
                0x08002548      0x23c /root/ws/makeself_dir_wVz5mf/y/plugins/com.st.stm32cube.ide.mcu.externaltools.gnu-tools-for-stm32.13.3.rel1.linux64_1.0.0.202410170706/tools/bin/../lib/gcc/arm-none-eabi/13.3.1/../../../../arm-none-eabi/lib/thumb/v7-m/nofp/libc_nano.a(libc_a-nano-vfprintf_i.o)
                0x08002548                _printf_i
 .text.__sflush_r
                0x08002784      0x100 /root/ws/makeself_dir_wVz5mf/y/plugins/com.st.stm32cube.ide.mcu.externaltools.gnu-tools-for-stm32.13.3.rel1.linux64_1.0.0.202410170706/tools/bin/../lib/gcc/arm-none-eabi/13.3.1/../../../../arm-none-eabi/lib/thumb/v7-m/nofp/libc_nano.a(libc_a-fflush.o)
                0x08002784                __sflush_r
 .text._fflush_r
                0x08002884       0x50 /root/ws/makeself_dir_wVz5mf/y/plugins/com.st.stm32cube.ide.mcu.externaltools.gnu-tools-for-stm32.13.3.rel1.linux64_1.0.0.202410170706/tools/bin/../lib/gcc/arm-none-eabi/13.3.1/../../../../arm-none-eabi/lib/thumb/v7-m/nofp/libc_nano.a(libc_a-fflush.o)
                0x08002884                _fflush_r
 .text.__swbuf_r
                0x080028d4       0x7c /root/ws/makeself_dir_wVz5mf/y/plugins/com.st.stm32cube.ide.mcu.externaltools.gnu-tools-for-stm32.13.3.rel1.linux64_1.0.0.202410170706/tools/bin/../lib/gcc/arm-none-eabi/13.3.1/../../../../arm-none-eabi/lib/thumb/v7-m/nofp/libc_nano.a(libc_a-wbuf.o)
                0x080028d4                __swbuf_r
 .text.__swsetup_r
                0x08002950       0xac /root/ws/makeself_dir_wVz5mf/y/plugins/com.st.stm32cube.ide.mcu.externaltools.gnu-tools-for-stm32.13.3.rel1.linux64_1.0.0.202410170706/tools/bin/../lib/gcc/arm-none-eabi/13.3.1/../../../../arm-none-eabi/lib/thumb/v7-m/nofp/libc_nano.a(libc_a-wsetup.o)
                0x08002950                __swsetup_r
 .text._sbrk_r  0x080029fc       0x20 /root/ws/makeself_dir_wVz5mf/y/plugins/com.st.stm32cube.ide.mcu.externaltools.gnu-tools-for-stm32.13.3.rel1.linux64_1.0.0.202410170706/tools/bin/../lib/gcc/arm-none-eabi/13.3.1/../../../../arm-none-eabi/lib/thumb/v7-m/nofp/libc_nano.a(libc_a-sbrkr.o)
                0x080029fc                _sbrk_r
 .text.memchr   0x08002a1c       0x1c /root/ws/makeself_dir_wVz5mf/y/plugins/com.st.stm32cube.ide.mcu.externaltools.gnu-tools-for-stm32.13.3.rel1.linux64_1.0.0.202410170706/tools/bin/../lib/gcc/arm-none-eabi/13.3.1/../../../../arm-none-eabi/lib/thumb/v7-m/nofp/libc_nano.a(libc_a-memchr-stub.o)
                0x08002a1c                memchr
 .text.__swhatbuf_r
                0x08002a38       0x4a /root/ws/makeself_dir_wVz5mf/y/plugins/com.st.stm32cube.ide.mcu.externaltools.gnu-tools-for-stm32.13.3.rel1.linux64_1.0.0.202410170706/tools/bin/../lib/gcc/arm-none-eabi/13.3.1/../../../../arm-none-eabi/lib/thumb/v7-m/nofp/libc_nano.a(libc_a-makebuf.o)
                0x08002a38                __swhatbuf_r
 .text.__smakebuf_r
                0x08002a82       0x78 /root/ws/makeself_dir_wVz5mf/y/plugins/com.st.stm32cube.ide.mcu.externaltools.gnu-tools-for-stm32.13.3.rel1.linux64_1.0.0.202410170706/tools/bin/../lib/gcc/arm-none-eabi/13.3.1/../../../../arm-none-eabi/lib/thumb/v7-m/nofp/libc_nano.a(libc_a-makebuf.o)
                0x08002a82                __smakebuf_r
 *fill*         0x08002afa        0x2 
 .text._fstat_r
                0x08002afc       0x24 /root/ws/makeself_dir_wVz5mf/y/plugins/com.st.stm32cube.ide.mcu.externaltools.gnu-tools-for-stm32.13.3.rel1.linux64_1.0.0.202410170706/tools/bin/../lib/gcc/arm-none-eabi/13.3.1/../../../../arm-none-eabi/lib/thumb/v7-m/nofp/libc_nano.a(libc_a-fstatr.o)
                0x08002afc                _fstat_r
 .text._isatty_r
                0x08002b20       0x20 /root/ws/makeself_dir_wVz5mf/y/plugins/com.st.stm32cube.ide.mcu.externaltools.gnu-tools-for-stm32.13.3.rel1.linux64_1.0.0.202410170706/tools/bin/../lib/gcc/arm-none-eabi/13.3.1/../../../../arm-none-eabi/lib/thumb/v7-m/nofp/libc_nano.a(libc_a-isattyr.o)
                0x08002b20                _isatty_r
 *(.glue_7)
 .glue_7        0x08002b40        0x0 linker stubs
 *(.glue_7t)
 .glue_7t       0x08002b40        0x0 linker stubs
 *(.eh_frame)
 .eh_frame      0x08002b40        0x0 /root/ws/makeself_dir_wVz5mf/y/plugins/com.st.stm32cube.ide.mcu.externaltools.gnu-tools-for-stm32.13.3.rel1.linux64_1.0.0.202410170706/tools/bin/../lib/gcc/arm-none-eabi/13.3.1/thumb/v7-m/nofp/crtbegin.o
 *(.init)
 .init          0x08002b40        0x4 /root/ws/makeself_dir_wVz5mf/y/plugins/com.st.stm32cube.ide.mcu.externaltools.gnu-tools-for-stm32.13.3.rel1.linux64_1.0.0.202410170706/tools/bin/../lib/gcc/arm-none-eabi/13.3.1/thumb/v7-m/nofp/crti.o
                0x08002b40                _init
 .init          0x08002b44        0x8 /root/ws/makeself_dir_wVz5mf/y/plugins/com.st.stm32cube.ide.mcu.externaltools.gnu-tools-for-stm32.13.3.rel1.linux64_1.0.0.202410170706/tools/bin/../lib/gcc/arm-none-eabi/13.3.1/thumb/v7-m/nofp/crtn.o
 *(.fini)
 .fini          0x08002b4c        0x4 /root/ws/makeself_dir_wVz5mf/y/plugins/com.st.stm32cube.ide.mcu.externaltools.gnu-tools-for-stm32.13.3.rel1.linux64_1.0.0.202410170706/tools/bin/../lib/gcc/arm-none-eabi/13.3.1/thumb/v7-m/nofp/crti.o
                0x08002b4c                _fini
 .fini          0x08002b50        0x8 /root/ws/makeself_dir_wVz5mf/y/plugins/com.st.stm32cube.ide.mcu.externaltools.gnu-tools-for-stm32.13.3.rel1.linux64_1.0.0.202410170706/tools/bin/../lib/gcc/arm-none-eabi/13.3.1/thumb/v7-m/nofp/crtn.o
                0x08002b58                        . = ALIGN (0x4)
                0x08002b58                        _etext = .

.vfp11_veneer   0x08002b58        0x0
 .vfp11_veneer  0x08002b58        0x0 linker stubs

.v4_bx          0x08002b58        0x0
 .v4_bx         0x08002b58        0x0 linker stubs

.iplt           0x08002b58        0x0
 .iplt          0x08002b58        0x0 /root/ws/makeself_dir_wVz5mf/y/plugins/com.st.stm32cube.ide.mcu.externaltools.gnu-tools-for-stm32.13.3.rel1.linux64_1.0.0.202410170706/tools/bin/../lib/gcc/arm-none-eabi/13.3.1/thumb/v7-m/nofp/crtbegin.o

.rodata         0x08002b58       0x5c
                0x08002b58                        . = ALIGN (0x4)
 *(.rodata)
 .rodata        0x08002b58        0xd ./Core/Src/main.o
 *(.rodata*)
 *fill*         0x08002b65        0x3 
 .rodata.AHBPrescTable
                0x08002b68       0x10 ./Core/Src/system_stm32f2xx.o
                0x08002b68                AHBPrescTable
 .rodata.APBPrescTable
                0x08002b78        0x8 ./Core/Src/system_stm32f2xx.o
                0x08002b78                APBPrescTable
 .rodata._vfprintf_r.str1.1
                0x08002b80       0x33 /root/ws/makeself_dir_wVz5mf/y/plugins/com.st.stm32cube.ide.mcu.externaltools.gnu-tools-for-stm32.13.3.rel1.linux64_1.0.0.202410170706/tools/bin/../lib/gcc/arm-none-eabi/13.3.1/../../../../arm-none-eabi/lib/thumb/v7-m/nofp/libc_nano.a(libc_a-nano-vfprintf.o)
                                 0x11 (size before relaxing)
 .rodata._printf_i.str1.1
                0x08002bb3       0x22 /root/ws/makeself_dir_wVz5mf/y/plugins/com.st.stm32cube.ide.mcu.externaltools.gnu-tools-for-stm32.13.3.rel1.linux64_1.0.0.202410170706/tools/bin/../lib/gcc/arm-none-eabi/13.3.1/../../../../arm-none-eabi/lib/thumb/v7-m/nofp/libc_nano.a(libc_a-nano-vfprintf_i.o)
                0x08002bd8                        . = ALIGN (0x4)
 *fill*         0x08002bb3        0x1 

.ARM.extab      0x08002bb4        0x0
                0x08002bb4                        . = ALIGN (0x4)
 *(.ARM.extab* .gnu.linkonce.armextab.*)
                0x08002bb4                        . = ALIGN (0x4)

.ARM            0x08002bb4        0x8
                0x08002bb4                        . = ALIGN (0x4)
                0x08002bb4                        __exidx_start = .
 *(.ARM.exidx*)
 .ARM.exidx     0x08002bb4        0x8 /root/ws/makeself_dir_wVz5mf/y/plugins/com.st.stm32cube.ide.mcu.externaltools.gnu-tools-for-stm32.13.3.rel1.linux64_1.0.0.202410170706/tools/bin/../lib/gcc/arm-none-eabi/13.3.1/thumb/v7-m/nofp/libgcc.a(_udivmoddi4.o)
                0x08002bbc                        __exidx_end = .
                0x08002bbc                        . = ALIGN (0x4)

.preinit_array  0x08002bbc        0x0
                0x08002bbc                        . = ALIGN (0x4)
                0x08002bbc                        PROVIDE (__preinit_array_start = .)
 *(.preinit_array*)
                0x08002bbc                        PROVIDE (__preinit_array_end = .)
                0x08002bbc                        . = ALIGN (0x4)

.init_array     0x08002bbc        0x4
                0x08002bbc                        . = ALIGN (0x4)
                0x08002bbc                        PROVIDE (__init_array_start = .)
 *(SORT_BY_NAME(.init_array.*))
 *(.init_array*)
 .init_array    0x08002bbc        0x4 /root/ws/makeself_dir_wVz5mf/y/plugins/com.st.stm32cube.ide.mcu.externaltools.gnu-tools-for-stm32.13.3.rel1.linux64_1.0.0.202410170706/tools/bin/../lib/gcc/arm-none-eabi/13.3.1/thumb/v7-m/nofp/crtbegin.o
                0x08002bc0                        PROVIDE (__init_array_end = .)
                0x08002bc0                        . = ALIGN (0x4)

.fini_array     0x08002bc0        0x4
                0x08002bc0                        . = ALIGN (0x4)
                [!provide]                        PROVIDE (__fini_array_start = .)
 *(SORT_BY_NAME(.fini_array.*))
 *(.fini_array*)
 .fini_array    0x08002bc0        0x4 /root/ws/makeself_dir_wVz5mf/y/plugins/com.st.stm32cube.ide.mcu.externaltools.gnu-tools-for-stm32.13.3.rel1.linux64_1.0.0.202410170706/tools/bin/../lib/gcc/arm-none-eabi/13.3.1/thumb/v7-m/nofp/crtbegin.o
                [!provide]                        PROVIDE (__fini_array_end = .)
                0x08002bc4                        . = ALIGN (0x4)
                0x08002bc4                        _sidata = LOADADDR (.data)

.rel.dyn        0x08002bc4        0x0
 .rel.iplt      0x08002bc4        0x0 /root/ws/makeself_dir_wVz5mf/y/plugins/com.st.stm32cube.ide.mcu.externaltools.gnu-tools-for-stm32.13.3.rel1.linux64_1.0.0.202410170706/tools/bin/../lib/gcc/arm-none-eabi/13.3.1/thumb/v7-m/nofp/crtbegin.o

.data           0x20000000       0x68 load address 0x08002bc4
                0x20000000                        . = ALIGN (0x4)
                0x20000000                        _sdata = .
 *(.data)
 *(.data*)
 .data.SystemCoreClock
                0x20000000        0x4 ./Core/Src/system_stm32f2xx.o
                0x20000000                SystemCoreClock
 .data.uwTickPrio
                0x20000004        0x4 ./Drivers/STM32F2xx_HAL_Driver/Src/stm32f2xx_hal.o
                0x20000004                uwTickPrio
 .data.uwTickFreq
                0x20000008        0x1 ./Drivers/STM32F2xx_HAL_Driver/Src/stm32f2xx_hal.o
                0x20000008                uwTickFreq
 *fill*         0x20000009        0x3 
 .data.__sglue  0x2000000c        0xc /root/ws/makeself_dir_wVz5mf/y/plugins/com.st.stm32cube.ide.mcu.externaltools.gnu-tools-for-stm32.13.3.rel1.linux64_1.0.0.202410170706/tools/bin/../lib/gcc/arm-none-eabi/13.3.1/../../../../arm-none-eabi/lib/thumb/v7-m/nofp/libc_nano.a(libc_a-findfp.o)
                0x2000000c                __sglue
 .data._impure_ptr
                0x20000018        0x4 /root/ws/makeself_dir_wVz5mf/y/plugins/com.st.stm32cube.ide.mcu.externaltools.gnu-tools-for-stm32.13.3.rel1.linux64_1.0.0.202410170706/tools/bin/../lib/gcc/arm-none-eabi/13.3.1/../../../../arm-none-eabi/lib/thumb/v7-m/nofp/libc_nano.a(libc_a-impure.o)
                0x20000018                _impure_ptr
 .data._impure_data
                0x2000001c       0x4c /root/ws/makeself_dir_wVz5mf/y/plugins/com.st.stm32cube.ide.mcu.externaltools.gnu-tools-for-stm32.13.3.rel1.linux64_1.0.0.202410170706/tools/bin/../lib/gcc/arm-none-eabi/13.3.1/../../../../arm-none-eabi/lib/thumb/v7-m/nofp/libc_nano.a(libc_a-impure.o)
                0x2000001c                _impure_data
 *(.RamFunc)
 *(.RamFunc*)
                0x20000068                        . = ALIGN (0x4)
                0x20000068                        _edata = .

.igot.plt       0x20000068        0x0 load address 0x08002c2c
 .igot.plt      0x20000068        0x0 /root/ws/makeself_dir_wVz5mf/y/plugins/com.st.stm32cube.ide.mcu.externaltools.gnu-tools-for-stm32.13.3.rel1.linux64_1.0.0.202410170706/tools/bin/../lib/gcc/arm-none-eabi/13.3.1/thumb/v7-m/nofp/crtbegin.o
                0x20000068                        . = ALIGN (0x4)

.bss            0x20000068      0x1b8 load address 0x08002c2c
                0x20000068                        _sbss = .
                0x20000068                        __bss_start__ = _sbss
 *(.bss)
 .bss           0x20000068       0x1c /root/ws/makeself_dir_wVz5mf/y/plugins/com.st.stm32cube.ide.mcu.externaltools.gnu-tools-for-stm32.13.3.rel1.linux64_1.0.0.202410170706/tools/bin/../lib/gcc/arm-none-eabi/13.3.1/thumb/v7-m/nofp/crtbegin.o
 *(.bss*)
 .bss.huart6    0x20000084       0x48 ./Core/Src/main.o
                0x20000084                huart6
 .bss.__sbrk_heap_end
                0x200000cc        0x4 ./Core/Src/sysmem.o
 .bss.uwTick    0x200000d0        0x4 ./Drivers/STM32F2xx_HAL_Driver/Src/stm32f2xx_hal.o
                0x200000d0                uwTick
 .bss.__sf      0x200000d4      0x138 /root/ws/makeself_dir_wVz5mf/y/plugins/com.st.stm32cube.ide.mcu.externaltools.gnu-tools-for-stm32.13.3.rel1.linux64_1.0.0.202410170706/tools/bin/../lib/gcc/arm-none-eabi/13.3.1/../../../../arm-none-eabi/lib/thumb/v7-m/nofp/libc_nano.a(libc_a-findfp.o)
                0x200000d4                __sf
 .bss.__stdio_exit_handler
                0x2000020c        0x4 /root/ws/makeself_dir_wVz5mf/y/plugins/com.st.stm32cube.ide.mcu.externaltools.gnu-tools-for-stm32.13.3.rel1.linux64_1.0.0.202410170706/tools/bin/../lib/gcc/arm-none-eabi/13.3.1/../../../../arm-none-eabi/lib/thumb/v7-m/nofp/libc_nano.a(libc_a-findfp.o)
                0x2000020c                __stdio_exit_handler
 .bss.errno     0x20000210        0x4 /root/ws/makeself_dir_wVz5mf/y/plugins/com.st.stm32cube.ide.mcu.externaltools.gnu-tools-for-stm32.13.3.rel1.linux64_1.0.0.202410170706/tools/bin/../lib/gcc/arm-none-eabi/13.3.1/../../../../arm-none-eabi/lib/thumb/v7-m/nofp/libc_nano.a(libc_a-reent.o)
                0x20000210                errno
 .bss.__lock___malloc_recursive_mutex
                0x20000214        0x1 /root/ws/makeself_dir_wVz5mf/y/plugins/com.st.stm32cube.ide.mcu.externaltools.gnu-tools-for-stm32.13.3.rel1.linux64_1.0.0.202410170706/tools/bin/../lib/gcc/arm-none-eabi/13.3.1/../../../../arm-none-eabi/lib/thumb/v7-m/nofp/libc_nano.a(libc_a-lock.o)
                0x20000214                __lock___malloc_recursive_mutex
 .bss.__lock___sfp_recursive_mutex
                0x20000215        0x1 /root/ws/makeself_dir_wVz5mf/y/plugins/com.st.stm32cube.ide.mcu.externaltools.gnu-tools-for-stm32.13.3.rel1.linux64_1.0.0.202410170706/tools/bin/../lib/gcc/arm-none-eabi/13.3.1/../../../../arm-none-eabi/lib/thumb/v7-m/nofp/libc_nano.a(libc_a-lock.o)
                0x20000215                __lock___sfp_recursive_mutex
 *fill*         0x20000216        0x2 
 .bss.__malloc_sbrk_start
                0x20000218        0x4 /root/ws/makeself_dir_wVz5mf/y/plugins/com.st.stm32cube.ide.mcu.externaltools.gnu-tools-for-stm32.13.3.rel1.linux64_1.0.0.202410170706/tools/bin/../lib/gcc/arm-none-eabi/13.3.1/../../../../arm-none-eabi/lib/thumb/v7-m/nofp/libc_nano.a(libc_a-mallocr.o)
                0x20000218                __malloc_sbrk_start
 .bss.__malloc_free_list
                0x2000021c        0x4 /root/ws/makeself_dir_wVz5mf/y/plugins/com.st.stm32cube.ide.mcu.externaltools.gnu-tools-for-stm32.13.3.rel1.linux64_1.0.0.202410170706/tools/bin/../lib/gcc/arm-none-eabi/13.3.1/../../../../arm-none-eabi/lib/thumb/v7-m/nofp/libc_nano.a(libc_a-mallocr.o)
                0x2000021c                __malloc_free_list
 *(COMMON)
                0x20000220                        . = ALIGN (0x4)
                0x20000220                        _ebss = .
                0x20000220                        __bss_end__ = _ebss

._user_heap_stack
                0x20000220      0x600 load address 0x08002c2c
                0x20000220                        . = ALIGN (0x8)
                [!provide]                        PROVIDE (end = .)
                0x20000220                        PROVIDE (_end = .)
                0x20000420                        . = (. + _Min_Heap_Size)
 *fill*         0x20000220      0x200 
                0x20000820                        . = (. + _Min_Stack_Size)
 *fill*         0x20000420      0x400 
                0x20000820                        . = ALIGN (0x8)

/DISCARD/
 libc.a(*)
 libm.a(*)
 libgcc.a(*)

.ARM.attributes
                0x00000000       0x29
 *(.ARM.attributes)
 .ARM.attributes
                0x00000000       0x1d /root/ws/makeself_dir_wVz5mf/y/plugins/com.st.stm32cube.ide.mcu.externaltools.gnu-tools-for-stm32.13.3.rel1.linux64_1.0.0.202410170706/tools/bin/../lib/gcc/arm-none-eabi/13.3.1/thumb/v7-m/nofp/crti.o
 .ARM.attributes
                0x0000001d       0x2d /root/ws/makeself_dir_wVz5mf/y/plugins/com.st.stm32cube.ide.mcu.externaltools.gnu-tools-for-stm32.13.3.rel1.linux64_1.0.0.202410170706/tools/bin/../lib/gcc/arm-none-eabi/13.3.1/thumb/v7-m/nofp/crtbegin.o
 .ARM.attributes
                0x0000004a       0x2d ./Core/Src/main.o
 .ARM.attributes
                0x00000077       0x2d ./Core/Src/stm32f2xx_hal_msp.o
 .ARM.attributes
                0x000000a4       0x2d ./Core/Src/stm32f2xx_it.o
 .ARM.attributes
                0x000000d1       0x2d ./Core/Src/syscalls.o
 .ARM.attributes
                0x000000fe       0x2d ./Core/Src/sysmem.o
 .ARM.attributes
                0x0000012b       0x2d ./Core/Src/system_stm32f2xx.o
 .ARM.attributes
                0x00000158       0x21 ./Core/Startup/startup_stm32f207zgtx.o
 .ARM.attributes
                0x00000179       0x2d ./Drivers/STM32F2xx_HAL_Driver/Src/stm32f2xx_hal.o
 .ARM.attributes
                0x000001a6       0x2d ./Drivers/STM32F2xx_HAL_Driver/Src/stm32f2xx_hal_cortex.o
 .ARM.attributes
                0x000001d3       0x2d ./Drivers/STM32F2xx_HAL_Driver/Src/stm32f2xx_hal_gpio.o
 .ARM.attributes
                0x00000200       0x2d ./Drivers/STM32F2xx_HAL_Driver/Src/stm32f2xx_hal_rcc.o
 .ARM.attributes
                0x0000022d       0x2d ./Drivers/STM32F2xx_HAL_Driver/Src/stm32f2xx_hal_uart.o
 .ARM.attributes
                0x0000025a       0x2d /root/ws/makeself_dir_wVz5mf/y/plugins/com.st.stm32cube.ide.mcu.externaltools.gnu-tools-for-stm32.13.3.rel1.linux64_1.0.0.202410170706/tools/bin/../lib/gcc/arm-none-eabi/13.3.1/../../../../arm-none-eabi/lib/thumb/v7-m/nofp/libc_nano.a(libc_a-findfp.o)
 .ARM.attributes
                0x00000287       0x2d /root/ws/makeself_dir_wVz5mf/y/plugins/com.st.stm32cube.ide.mcu.externaltools.gnu-tools-for-stm32.13.3.rel1.linux64_1.0.0.202410170706/tools/bin/../lib/gcc/arm-none-eabi/13.3.1/../../../../arm-none-eabi/lib/thumb/v7-m/nofp/libc_nano.a(libc_a-fwalk.o)
 .ARM.attributes
                0x000002b4       0x2d /root/ws/makeself_dir_wVz5mf/y/plugins/com.st.stm32cube.ide.mcu.externaltools.gnu-tools-for-stm32.13.3.rel1.linux64_1.0.0.202410170706/tools/bin/../lib/gcc/arm-none-eabi/13.3.1/../../../../arm-none-eabi/lib/thumb/v7-m/nofp/libc_nano.a(libc_a-printf.o)
 .ARM.attributes
                0x000002e1       0x2d /root/ws/makeself_dir_wVz5mf/y/plugins/com.st.stm32cube.ide.mcu.externaltools.gnu-tools-for-stm32.13.3.rel1.linux64_1.0.0.202410170706/tools/bin/../lib/gcc/arm-none-eabi/13.3.1/../../../../arm-none-eabi/lib/thumb/v7-m/nofp/libc_nano.a(libc_a-stdio.o)
 .ARM.attributes
                0x0000030e       0x2d /root/ws/makeself_dir_wVz5mf/y/plugins/com.st.stm32cube.ide.mcu.externaltools.gnu-tools-for-stm32.13.3.rel1.linux64_1.0.0.202410170706/tools/bin/../lib/gcc/arm-none-eabi/13.3.1/../../../../arm-none-eabi/lib/thumb/v7-m/nofp/libc_nano.a(libc_a-memset.o)
 .ARM.attributes
                0x0000033b       0x2d /root/ws/makeself_dir_wVz5mf/y/plugins/com.st.stm32cube.ide.mcu.externaltools.gnu-tools-for-stm32.13.3.rel1.linux64_1.0.0.202410170706/tools/bin/../lib/gcc/arm-none-eabi/13.3.1/../../../../arm-none-eabi/lib/thumb/v7-m/nofp/libc_nano.a(libc_a-closer.o)
 .ARM.attributes
                0x00000368       0x2d /root/ws/makeself_dir_wVz5mf/y/plugins/com.st.stm32cube.ide.mcu.externaltools.gnu-tools-for-stm32.13.3.rel1.linux64_1.0.0.202410170706/tools/bin/../lib/gcc/arm-none-eabi/13.3.1/../../../../arm-none-eabi/lib/thumb/v7-m/nofp/libc_nano.a(libc_a-reent.o)
 .ARM.attributes
                0x00000395       0x2d /root/ws/makeself_dir_wVz5mf/y/plugins/com.st.stm32cube.ide.mcu.externaltools.gnu-tools-for-stm32.13.3.rel1.linux64_1.0.0.202410170706/tools/bin/../lib/gcc/arm-none-eabi/13.3.1/../../../../arm-none-eabi/lib/thumb/v7-m/nofp/libc_nano.a(libc_a-impure.o)
 .ARM.attributes
                0x000003c2       0x2d /root/ws/makeself_dir_wVz5mf/y/plugins/com.st.stm32cube.ide.mcu.externaltools.gnu-tools-for-stm32.13.3.rel1.linux64_1.0.0.202410170706/tools/bin/../lib/gcc/arm-none-eabi/13.3.1/../../../../arm-none-eabi/lib/thumb/v7-m/nofp/libc_nano.a(libc_a-lseekr.o)
 .ARM.attributes
                0x000003ef       0x2d /root/ws/makeself_dir_wVz5mf/y/plugins/com.st.stm32cube.ide.mcu.externaltools.gnu-tools-for-stm32.13.3.rel1.linux64_1.0.0.202410170706/tools/bin/../lib/gcc/arm-none-eabi/13.3.1/../../../../arm-none-eabi/lib/thumb/v7-m/nofp/libc_nano.a(libc_a-readr.o)
 .ARM.attributes
                0x0000041c       0x2d /root/ws/makeself_dir_wVz5mf/y/plugins/com.st.stm32cube.ide.mcu.externaltools.gnu-tools-for-stm32.13.3.rel1.linux64_1.0.0.202410170706/tools/bin/../lib/gcc/arm-none-eabi/13.3.1/../../../../arm-none-eabi/lib/thumb/v7-m/nofp/libc_nano.a(libc_a-writer.o)
 .ARM.attributes
                0x00000449       0x2d /root/ws/makeself_dir_wVz5mf/y/plugins/com.st.stm32cube.ide.mcu.externaltools.gnu-tools-for-stm32.13.3.rel1.linux64_1.0.0.202410170706/tools/bin/../lib/gcc/arm-none-eabi/13.3.1/../../../../arm-none-eabi/lib/thumb/v7-m/nofp/libc_nano.a(libc_a-errno.o)
 .ARM.attributes
                0x00000476       0x2d /root/ws/makeself_dir_wVz5mf/y/plugins/com.st.stm32cube.ide.mcu.externaltools.gnu-tools-for-stm32.13.3.rel1.linux64_1.0.0.202410170706/tools/bin/../lib/gcc/arm-none-eabi/13.3.1/../../../../arm-none-eabi/lib/thumb/v7-m/nofp/libc_nano.a(libc_a-init.o)
 .ARM.attributes
                0x000004a3       0x2d /root/ws/makeself_dir_wVz5mf/y/plugins/com.st.stm32cube.ide.mcu.externaltools.gnu-tools-for-stm32.13.3.rel1.linux64_1.0.0.202410170706/tools/bin/../lib/gcc/arm-none-eabi/13.3.1/../../../../arm-none-eabi/lib/thumb/v7-m/nofp/libc_nano.a(libc_a-lock.o)
 .ARM.attributes
                0x000004d0       0x2d /root/ws/makeself_dir_wVz5mf/y/plugins/com.st.stm32cube.ide.mcu.externaltools.gnu-tools-for-stm32.13.3.rel1.linux64_1.0.0.202410170706/tools/bin/../lib/gcc/arm-none-eabi/13.3.1/../../../../arm-none-eabi/lib/thumb/v7-m/nofp/libc_nano.a(libc_a-freer.o)
 .ARM.attributes
                0x000004fd       0x2d /root/ws/makeself_dir_wVz5mf/y/plugins/com.st.stm32cube.ide.mcu.externaltools.gnu-tools-for-stm32.13.3.rel1.linux64_1.0.0.202410170706/tools/bin/../lib/gcc/arm-none-eabi/13.3.1/../../../../arm-none-eabi/lib/thumb/v7-m/nofp/libc_nano.a(libc_a-mallocr.o)
 .ARM.attributes
                0x0000052a       0x2d /root/ws/makeself_dir_wVz5mf/y/plugins/com.st.stm32cube.ide.mcu.externaltools.gnu-tools-for-stm32.13.3.rel1.linux64_1.0.0.202410170706/tools/bin/../lib/gcc/arm-none-eabi/13.3.1/../../../../arm-none-eabi/lib/thumb/v7-m/nofp/libc_nano.a(libc_a-mlock.o)
 .ARM.attributes
                0x00000557       0x2d /root/ws/makeself_dir_wVz5mf/y/plugins/com.st.stm32cube.ide.mcu.externaltools.gnu-tools-for-stm32.13.3.rel1.linux64_1.0.0.202410170706/tools/bin/../lib/gcc/arm-none-eabi/13.3.1/../../../../arm-none-eabi/lib/thumb/v7-m/nofp/libc_nano.a(libc_a-nano-vfprintf.o)
 .ARM.attributes
                0x00000584       0x2d /root/ws/makeself_dir_wVz5mf/y/plugins/com.st.stm32cube.ide.mcu.externaltools.gnu-tools-for-stm32.13.3.rel1.linux64_1.0.0.202410170706/tools/bin/../lib/gcc/arm-none-eabi/13.3.1/../../../../arm-none-eabi/lib/thumb/v7-m/nofp/libc_nano.a(libc_a-nano-vfprintf_i.o)
 .ARM.attributes
                0x000005b1       0x2d /root/ws/makeself_dir_wVz5mf/y/plugins/com.st.stm32cube.ide.mcu.externaltools.gnu-tools-for-stm32.13.3.rel1.linux64_1.0.0.202410170706/tools/bin/../lib/gcc/arm-none-eabi/13.3.1/../../../../arm-none-eabi/lib/thumb/v7-m/nofp/libc_nano.a(libc_a-fflush.o)
 .ARM.attributes
                0x000005de       0x2d /root/ws/makeself_dir_wVz5mf/y/plugins/com.st.stm32cube.ide.mcu.externaltools.gnu-tools-for-stm32.13.3.rel1.linux64_1.0.0.202410170706/tools/bin/../lib/gcc/arm-none-eabi/13.3.1/../../../../arm-none-eabi/lib/thumb/v7-m/nofp/libc_nano.a(libc_a-wbuf.o)
 .ARM.attributes
                0x0000060b       0x2d /root/ws/makeself_dir_wVz5mf/y/plugins/com.st.stm32cube.ide.mcu.externaltools.gnu-tools-for-stm32.13.3.rel1.linux64_1.0.0.202410170706/tools/bin/../lib/gcc/arm-none-eabi/13.3.1/../../../../arm-none-eabi/lib/thumb/v7-m/nofp/libc_nano.a(libc_a-wsetup.o)
 .ARM.attributes
                0x00000638       0x2d /root/ws/makeself_dir_wVz5mf/y/plugins/com.st.stm32cube.ide.mcu.externaltools.gnu-tools-for-stm32.13.3.rel1.linux64_1.0.0.202410170706/tools/bin/../lib/gcc/arm-none-eabi/13.3.1/../../../../arm-none-eabi/lib/thumb/v7-m/nofp/libc_nano.a(libc_a-sbrkr.o)
 .ARM.attributes
                0x00000665       0x2d /root/ws/makeself_dir_wVz5mf/y/plugins/com.st.stm32cube.ide.mcu.externaltools.gnu-tools-for-stm32.13.3.rel1.linux64_1.0.0.202410170706/tools/bin/../lib/gcc/arm-none-eabi/13.3.1/../../../../arm-none-eabi/lib/thumb/v7-m/nofp/libc_nano.a(libc_a-memchr-stub.o)
 .ARM.attributes
                0x00000692       0x2d /root/ws/makeself_dir_wVz5mf/y/plugins/com.st.stm32cube.ide.mcu.externaltools.gnu-tools-for-stm32.13.3.rel1.linux64_1.0.0.202410170706/tools/bin/../lib/gcc/arm-none-eabi/13.3.1/../../../../arm-none-eabi/lib/thumb/v7-m/nofp/libc_nano.a(libc_a-makebuf.o)
 .ARM.attributes
                0x000006bf       0x2d /root/ws/makeself_dir_wVz5mf/y/plugins/com.st.stm32cube.ide.mcu.externaltools.gnu-tools-for-stm32.13.3.rel1.linux64_1.0.0.202410170706/tools/bin/../lib/gcc/arm-none-eabi/13.3.1/../../../../arm-none-eabi/lib/thumb/v7-m/nofp/libc_nano.a(libc_a-fstatr.o)
 .ARM.attributes
                0x000006ec       0x2d /root/ws/makeself_dir_wVz5mf/y/plugins/com.st.stm32cube.ide.mcu.externaltools.gnu-tools-for-stm32.13.3.rel1.linux64_1.0.0.202410170706/tools/bin/../lib/gcc/arm-none-eabi/13.3.1/../../../../arm-none-eabi/lib/thumb/v7-m/nofp/libc_nano.a(libc_a-isattyr.o)
 .ARM.attributes
                0x00000719       0x1d /root/ws/makeself_dir_wVz5mf/y/plugins/com.st.stm32cube.ide.mcu.externaltools.gnu-tools-for-stm32.13.3.rel1.linux64_1.0.0.202410170706/tools/bin/../lib/gcc/arm-none-eabi/13.3.1/thumb/v7-m/nofp/libgcc.a(_aeabi_uldivmod.o)
 .ARM.attributes
                0x00000736       0x2d /root/ws/makeself_dir_wVz5mf/y/plugins/com.st.stm32cube.ide.mcu.externaltools.gnu-tools-for-stm32.13.3.rel1.linux64_1.0.0.202410170706/tools/bin/../lib/gcc/arm-none-eabi/13.3.1/thumb/v7-m/nofp/libgcc.a(_udivmoddi4.o)
 .ARM.attributes
                0x00000763       0x1d /root/ws/makeself_dir_wVz5mf/y/plugins/com.st.stm32cube.ide.mcu.externaltools.gnu-tools-for-stm32.13.3.rel1.linux64_1.0.0.202410170706/tools/bin/../lib/gcc/arm-none-eabi/13.3.1/thumb/v7-m/nofp/libgcc.a(_dvmd_tls.o)
 .ARM.attributes
                0x00000780       0x1d /root/ws/makeself_dir_wVz5mf/y/plugins/com.st.stm32cube.ide.mcu.externaltools.gnu-tools-for-stm32.13.3.rel1.linux64_1.0.0.202410170706/tools/bin/../lib/gcc/arm-none-eabi/13.3.1/thumb/v7-m/nofp/crtn.o
OUTPUT(dummy_project.elf elf32-littlearm)
LOAD linker stubs
LOAD /root/ws/makeself_dir_wVz5mf/y/plugins/com.st.stm32cube.ide.mcu.externaltools.gnu-tools-for-stm32.13.3.rel1.linux64_1.0.0.202410170706/tools/bin/../lib/gcc/arm-none-eabi/13.3.1/../../../../arm-none-eabi/lib/thumb/v7-m/nofp/libc.a
LOAD /root/ws/makeself_dir_wVz5mf/y/plugins/com.st.stm32cube.ide.mcu.externaltools.gnu-tools-for-stm32.13.3.rel1.linux64_1.0.0.202410170706/tools/bin/../lib/gcc/arm-none-eabi/13.3.1/../../../../arm-none-eabi/lib/thumb/v7-m/nofp/libm.a
LOAD /root/ws/makeself_dir_wVz5mf/y/plugins/com.st.stm32cube.ide.mcu.externaltools.gnu-tools-for-stm32.13.3.rel1.linux64_1.0.0.202410170706/tools/bin/../lib/gcc/arm-none-eabi/13.3.1/thumb/v7-m/nofp/libgcc.a

.debug_info     0x00000000     0x76cb
 .debug_info    0x00000000      0xa3a ./Core/Src/main.o
 .debug_info    0x00000a3a      0x8e9 ./Core/Src/stm32f2xx_hal_msp.o
 .debug_info    0x00001323      0x112 ./Core/Src/stm32f2xx_it.o
 .debug_info    0x00001435      0x6a3 ./Core/Src/syscalls.o
 .debug_info    0x00001ad8      0x168 ./Core/Src/sysmem.o
 .debug_info    0x00001c40      0x31f ./Core/Src/system_stm32f2xx.o
 .debug_info    0x00001f5f       0x30 ./Core/Startup/startup_stm32f207zgtx.o
 .debug_info    0x00001f8f      0x9c3 ./Drivers/STM32F2xx_HAL_Driver/Src/stm32f2xx_hal.o
 .debug_info    0x00002952      0xd7b ./Drivers/STM32F2xx_HAL_Driver/Src/stm32f2xx_hal_cortex.o
 .debug_info    0x000036cd      0x68e ./Drivers/STM32F2xx_HAL_Driver/Src/stm32f2xx_hal_gpio.o
 .debug_info    0x00003d5b      0xa39 ./Drivers/STM32F2xx_HAL_Driver/Src/stm32f2xx_hal_rcc.o
 .debug_info    0x00004794     0x2f37 ./Drivers/STM32F2xx_HAL_Driver/Src/stm32f2xx_hal_uart.o

.debug_abbrev   0x00000000     0x15b1
 .debug_abbrev  0x00000000      0x28e ./Core/Src/main.o
 .debug_abbrev  0x0000028e      0x1ad ./Core/Src/stm32f2xx_hal_msp.o
 .debug_abbrev  0x0000043b       0x73 ./Core/Src/stm32f2xx_it.o
 .debug_abbrev  0x000004ae      0x1b6 ./Core/Src/syscalls.o
 .debug_abbrev  0x00000664       0xbc ./Core/Src/sysmem.o
 .debug_abbrev  0x00000720      0x11c ./Core/Src/system_stm32f2xx.o
 .debug_abbrev  0x0000083c       0x24 ./Core/Startup/startup_stm32f207zgtx.o
 .debug_abbrev  0x00000860      0x286 ./Drivers/STM32F2xx_HAL_Driver/Src/stm32f2xx_hal.o
 .debug_abbrev  0x00000ae6      0x31c ./Drivers/STM32F2xx_HAL_Driver/Src/stm32f2xx_hal_cortex.o
 .debug_abbrev  0x00000e02      0x1cb ./Drivers/STM32F2xx_HAL_Driver/Src/stm32f2xx_hal_gpio.o
 .debug_abbrev  0x00000fcd      0x2d6 ./Drivers/STM32F2xx_HAL_Driver/Src/stm32f2xx_hal_rcc.o
 .debug_abbrev  0x000012a3      0x30e ./Drivers/STM32F2xx_HAL_Driver/Src/stm32f2xx_hal_uart.o

.debug_aranges  0x00000000      0x6f0
 .debug_aranges
                0x00000000       0x48 ./Core/Src/main.o
 .debug_aranges
                0x00000048       0x30 ./Core/Src/stm32f2xx_hal_msp.o
 .debug_aranges
                0x00000078       0x60 ./Core/Src/stm32f2xx_it.o
 .debug_aranges
                0x000000d8       0xa8 ./Core/Src/syscalls.o
 .debug_aranges
                0x00000180       0x20 ./Core/Src/sysmem.o
 .debug_aranges
                0x000001a0       0x28 ./Core/Src/system_stm32f2xx.o
 .debug_aranges
                0x000001c8       0x28 ./Core/Startup/startup_stm32f207zgtx.o
 .debug_aranges
                0x000001f0       0xf0 ./Drivers/STM32F2xx_HAL_Driver/Src/stm32f2xx_hal.o
 .debug_aranges
                0x000002e0      0x128 ./Drivers/STM32F2xx_HAL_Driver/Src/stm32f2xx_hal_cortex.o
 .debug_aranges
                0x00000408       0x58 ./Drivers/STM32F2xx_HAL_Driver/Src/stm32f2xx_hal_gpio.o
 .debug_aranges
                0x00000460       0x88 ./Drivers/STM32F2xx_HAL_Driver/Src/stm32f2xx_hal_rcc.o
 .debug_aranges
                0x000004e8      0x208 ./Drivers/STM32F2xx_HAL_Driver/Src/stm32f2xx_hal_uart.o

.debug_rnglists
                0x00000000      0x53d
 .debug_rnglists
                0x00000000       0x31 ./Core/Src/main.o
 .debug_rnglists
                0x00000031       0x20 ./Core/Src/stm32f2xx_hal_msp.o
 .debug_rnglists
                0x00000051       0x43 ./Core/Src/stm32f2xx_it.o
 .debug_rnglists
                0x00000094       0x79 ./Core/Src/syscalls.o
 .debug_rnglists
                0x0000010d       0x13 ./Core/Src/sysmem.o
 .debug_rnglists
                0x00000120       0x1a ./Core/Src/system_stm32f2xx.o
 .debug_rnglists
                0x0000013a       0x19 ./Core/Startup/startup_stm32f207zgtx.o
 .debug_rnglists
                0x00000153       0xaf ./Drivers/STM32F2xx_HAL_Driver/Src/stm32f2xx_hal.o
 .debug_rnglists
                0x00000202       0xd9 ./Drivers/STM32F2xx_HAL_Driver/Src/stm32f2xx_hal_cortex.o
 .debug_rnglists
                0x000002db       0x3f ./Drivers/STM32F2xx_HAL_Driver/Src/stm32f2xx_hal_gpio.o
 .debug_rnglists
                0x0000031a       0x67 ./Drivers/STM32F2xx_HAL_Driver/Src/stm32f2xx_hal_rcc.o
 .debug_rnglists
                0x00000381      0x1bc ./Drivers/STM32F2xx_HAL_Driver/Src/stm32f2xx_hal_uart.o

.debug_macro    0x00000000    0x1f97d
 .debug_macro   0x00000000      0x295 ./Core/Src/main.o
 .debug_macro   0x00000295      0xacc ./Core/Src/main.o
 .debug_macro   0x00000d61      0x238 ./Core/Src/main.o
 .debug_macro   0x00000f99       0x2e ./Core/Src/main.o
 .debug_macro   0x00000fc7       0x22 ./Core/Src/main.o
 .debug_macro   0x00000fe9       0x22 ./Core/Src/main.o
 .debug_macro   0x0000100b       0x8e ./Core/Src/main.o
 .debug_macro   0x00001099       0x51 ./Core/Src/main.o
 .debug_macro   0x000010ea      0x103 ./Core/Src/main.o
 .debug_macro   0x000011ed       0x6a ./Core/Src/main.o
 .debug_macro   0x00001257      0x1df ./Core/Src/main.o
 .debug_macro   0x00001436       0x1c ./Core/Src/main.o
 .debug_macro   0x00001452       0x22 ./Core/Src/main.o
 .debug_macro   0x00001474       0xbd ./Core/Src/main.o
 .debug_macro   0x00001531      0xe49 ./Core/Src/main.o
 .debug_macro   0x0000237a      0x11f ./Core/Src/main.o
 .debug_macro   0x00002499    0x14fe1 ./Core/Src/main.o
 .debug_macro   0x0001747a       0x6d ./Core/Src/main.o
 .debug_macro   0x000174e7     0x35b3 ./Core/Src/main.o
 .debug_macro   0x0001aa9a      0x190 ./Core/Src/main.o
 .debug_macro   0x0001ac2a       0x55 ./Core/Src/main.o
 .debug_macro   0x0001ac7f     0x1056 ./Core/Src/main.o
 .debug_macro   0x0001bcd5      0x153 ./Core/Src/main.o
 .debug_macro   0x0001be28      0x170 ./Core/Src/main.o
 .debug_macro   0x0001bf98      0x115 ./Core/Src/main.o
 .debug_macro   0x0001c0ad      0x108 ./Core/Src/main.o
 .debug_macro   0x0001c1b5       0xa5 ./Core/Src/main.o
 .debug_macro   0x0001c25a      0x16a ./Core/Src/main.o
 .debug_macro   0x0001c3c4      0x287 ./Core/Src/main.o
 .debug_macro   0x0001c64b       0x5f ./Core/Src/main.o
 .debug_macro   0x0001c6aa      0x236 ./Core/Src/main.o
 .debug_macro   0x0001c8e0      0x126 ./Core/Src/main.o
 .debug_macro   0x0001ca06      0x216 ./Core/Src/main.o
 .debug_macro   0x0001cc1c       0x2e ./Core/Src/main.o
 .debug_macro   0x0001cc4a      0x113 ./Core/Src/main.o
 .debug_macro   0x0001cd5d       0x22 ./Core/Src/main.o
 .debug_macro   0x0001cd7f       0x82 ./Core/Src/main.o
 .debug_macro   0x0001ce01      0x2aa ./Core/Src/main.o
 .debug_macro   0x0001d0ab      0x12d ./Core/Src/main.o
 .debug_macro   0x0001d1d8       0x61 ./Core/Src/main.o
 .debug_macro   0x0001d239       0x24 ./Core/Src/main.o
 .debug_macro   0x0001d25d       0x43 ./Core/Src/main.o
 .debug_macro   0x0001d2a0       0x34 ./Core/Src/main.o
 .debug_macro   0x0001d2d4       0x16 ./Core/Src/main.o
 .debug_macro   0x0001d2ea       0x3c ./Core/Src/main.o
 .debug_macro   0x0001d326      0x370 ./Core/Src/main.o
 .debug_macro   0x0001d696       0x10 ./Core/Src/main.o
 .debug_macro   0x0001d6a6       0x16 ./Core/Src/main.o
 .debug_macro   0x0001d6bc       0x4a ./Core/Src/main.o
 .debug_macro   0x0001d706       0x34 ./Core/Src/main.o
 .debug_macro   0x0001d73a       0x10 ./Core/Src/main.o
 .debug_macro   0x0001d74a       0x58 ./Core/Src/main.o
 .debug_macro   0x0001d7a2       0x8e ./Core/Src/main.o
 .debug_macro   0x0001d830       0x1c ./Core/Src/main.o
 .debug_macro   0x0001d84c      0x185 ./Core/Src/main.o
 .debug_macro   0x0001d9d1       0x16 ./Core/Src/main.o
 .debug_macro   0x0001d9e7       0x16 ./Core/Src/main.o
 .debug_macro   0x0001d9fd      0x146 ./Core/Src/main.o
 .debug_macro   0x0001db43      0x1bd ./Core/Src/stm32f2xx_hal_msp.o
 .debug_macro   0x0001dd00      0x1c7 ./Core/Src/stm32f2xx_it.o
 .debug_macro   0x0001dec7      0x274 ./Core/Src/syscalls.o
 .debug_macro   0x0001e13b       0x5b ./Core/Src/syscalls.o
 .debug_macro   0x0001e196       0x94 ./Core/Src/syscalls.o
 .debug_macro   0x0001e22a       0x57 ./Core/Src/syscalls.o
 .debug_macro   0x0001e281       0x10 ./Core/Src/syscalls.o
 .debug_macro   0x0001e291       0x10 ./Core/Src/syscalls.o
 .debug_macro   0x0001e2a1       0x10 ./Core/Src/syscalls.o
 .debug_macro   0x0001e2b1       0x10 ./Core/Src/syscalls.o
 .debug_macro   0x0001e2c1       0x1c ./Core/Src/syscalls.o
 .debug_macro   0x0001e2dd       0x52 ./Core/Src/syscalls.o
 .debug_macro   0x0001e32f       0x22 ./Core/Src/syscalls.o
 .debug_macro   0x0001e351       0x10 ./Core/Src/syscalls.o
 .debug_macro   0x0001e361       0x52 ./Core/Src/syscalls.o
 .debug_macro   0x0001e3b3       0xcf ./Core/Src/syscalls.o
 .debug_macro   0x0001e482       0x1c ./Core/Src/syscalls.o
 .debug_macro   0x0001e49e       0x3d ./Core/Src/syscalls.o
 .debug_macro   0x0001e4db       0x35 ./Core/Src/syscalls.o
 .debug_macro   0x0001e510      0x12c ./Core/Src/syscalls.o
 .debug_macro   0x0001e63c       0x16 ./Core/Src/syscalls.o
 .debug_macro   0x0001e652       0x16 ./Core/Src/syscalls.o
 .debug_macro   0x0001e668       0x29 ./Core/Src/syscalls.o
 .debug_macro   0x0001e691       0x10 ./Core/Src/syscalls.o
 .debug_macro   0x0001e6a1      0x242 ./Core/Src/syscalls.o
 .debug_macro   0x0001e8e3       0x1c ./Core/Src/syscalls.o
 .debug_macro   0x0001e8ff       0x10 ./Core/Src/syscalls.o
 .debug_macro   0x0001e90f      0x18a ./Core/Src/syscalls.o
 .debug_macro   0x0001ea99       0x16 ./Core/Src/syscalls.o
 .debug_macro   0x0001eaaf       0xce ./Core/Src/syscalls.o
 .debug_macro   0x0001eb7d      0x112 ./Core/Src/sysmem.o
 .debug_macro   0x0001ec8f      0x23c ./Core/Src/sysmem.o
 .debug_macro   0x0001eecb      0x1b3 ./Core/Src/system_stm32f2xx.o
 .debug_macro   0x0001f07e      0x201 ./Drivers/STM32F2xx_HAL_Driver/Src/stm32f2xx_hal.o
 .debug_macro   0x0001f27f      0x1b3 ./Drivers/STM32F2xx_HAL_Driver/Src/stm32f2xx_hal_cortex.o
 .debug_macro   0x0001f432      0x1ba ./Drivers/STM32F2xx_HAL_Driver/Src/stm32f2xx_hal_gpio.o
 .debug_macro   0x0001f5ec      0x1dd ./Drivers/STM32F2xx_HAL_Driver/Src/stm32f2xx_hal_rcc.o
 .debug_macro   0x0001f7c9      0x1b4 ./Drivers/STM32F2xx_HAL_Driver/Src/stm32f2xx_hal_uart.o

.debug_line     0x00000000     0x7d6f
 .debug_line    0x00000000      0x86d ./Core/Src/main.o
 .debug_line    0x0000086d      0x692 ./Core/Src/stm32f2xx_hal_msp.o
 .debug_line    0x00000eff      0x6f4 ./Core/Src/stm32f2xx_it.o
 .debug_line    0x000015f3      0x7f0 ./Core/Src/syscalls.o
 .debug_line    0x00001de3      0x4cc ./Core/Src/sysmem.o
 .debug_line    0x000022af      0x6c2 ./Core/Src/system_stm32f2xx.o
 .debug_line    0x00002971       0x7a ./Core/Startup/startup_stm32f207zgtx.o
 .debug_line    0x000029eb      0x989 ./Drivers/STM32F2xx_HAL_Driver/Src/stm32f2xx_hal.o
 .debug_line    0x00003374      0xbec ./Drivers/STM32F2xx_HAL_Driver/Src/stm32f2xx_hal_cortex.o
 .debug_line    0x00003f60      0xa9d ./Drivers/STM32F2xx_HAL_Driver/Src/stm32f2xx_hal_gpio.o
 .debug_line    0x000049fd      0xf35 ./Drivers/STM32F2xx_HAL_Driver/Src/stm32f2xx_hal_rcc.o
 .debug_line    0x00005932     0x243d ./Drivers/STM32F2xx_HAL_Driver/Src/stm32f2xx_hal_uart.o

.debug_str      0x00000000    0xbc01e
 .debug_str     0x00000000    0xbc01e ./Core/Src/main.o
                              0xb8738 (size before relaxing)
 .debug_str     0x000bc01e    0xb4e69 ./Core/Src/stm32f2xx_hal_msp.o
 .debug_str     0x000bc01e    0xb48d0 ./Core/Src/stm32f2xx_it.o
 .debug_str     0x000bc01e     0x9969 ./Core/Src/syscalls.o
 .debug_str     0x000bc01e     0x7707 ./Core/Src/sysmem.o
 .debug_str     0x000bc01e    0xb49a6 ./Core/Src/system_stm32f2xx.o
 .debug_str     0x000bc01e       0x61 ./Core/Startup/startup_stm32f207zgtx.o
 .debug_str     0x000bc01e    0xb54f2 ./Drivers/STM32F2xx_HAL_Driver/Src/stm32f2xx_hal.o
 .debug_str     0x000bc01e    0xb52e9 ./Drivers/STM32F2xx_HAL_Driver/Src/stm32f2xx_hal_cortex.o
 .debug_str     0x000bc01e    0xb4b64 ./Drivers/STM32F2xx_HAL_Driver/Src/stm32f2xx_hal_gpio.o
 .debug_str     0x000bc01e    0xb4e58 ./Drivers/STM32F2xx_HAL_Driver/Src/stm32f2xx_hal_rcc.o
 .debug_str     0x000bc01e    0xb53fb ./Drivers/STM32F2xx_HAL_Driver/Src/stm32f2xx_hal_uart.o

.comment        0x00000000       0x43
 .comment       0x00000000       0x43 ./Core/Src/main.o
                                 0x44 (size before relaxing)
 .comment       0x00000043       0x44 ./Core/Src/stm32f2xx_hal_msp.o
 .comment       0x00000043       0x44 ./Core/Src/stm32f2xx_it.o
 .comment       0x00000043       0x44 ./Core/Src/syscalls.o
 .comment       0x00000043       0x44 ./Core/Src/sysmem.o
 .comment       0x00000043       0x44 ./Core/Src/system_stm32f2xx.o
 .comment       0x00000043       0x44 ./Drivers/STM32F2xx_HAL_Driver/Src/stm32f2xx_hal.o
 .comment       0x00000043       0x44 ./Drivers/STM32F2xx_HAL_Driver/Src/stm32f2xx_hal_cortex.o
 .comment       0x00000043       0x44 ./Drivers/STM32F2xx_HAL_Driver/Src/stm32f2xx_hal_gpio.o
 .comment       0x00000043       0x44 ./Drivers/STM32F2xx_HAL_Driver/Src/stm32f2xx_hal_rcc.o
 .comment       0x00000043       0x44 ./Drivers/STM32F2xx_HAL_Driver/Src/stm32f2xx_hal_uart.o

.debug_frame    0x00000000     0x22f0
 .debug_frame   0x00000000       0xd4 ./Core/Src/main.o
 .debug_frame   0x000000d4       0x80 ./Core/Src/stm32f2xx_hal_msp.o
 .debug_frame   0x00000154      0x104 ./Core/Src/stm32f2xx_it.o
 .debug_frame   0x00000258      0x2ac ./Core/Src/syscalls.o
 .debug_frame   0x00000504       0x34 ./Core/Src/sysmem.o
 .debug_frame   0x00000538       0x58 ./Core/Src/system_stm32f2xx.o
 .debug_frame   0x00000590      0x384 ./Drivers/STM32F2xx_HAL_Driver/Src/stm32f2xx_hal.o
 .debug_frame   0x00000914      0x4e8 ./Drivers/STM32F2xx_HAL_Driver/Src/stm32f2xx_hal_cortex.o
 .debug_frame   0x00000dfc      0x14c ./Drivers/STM32F2xx_HAL_Driver/Src/stm32f2xx_hal_gpio.o
 .debug_frame   0x00000f48      0x208 ./Drivers/STM32F2xx_HAL_Driver/Src/stm32f2xx_hal_rcc.o
 .debug_frame   0x00001150      0x944 ./Drivers/STM32F2xx_HAL_Driver/Src/stm32f2xx_hal_uart.o
 .debug_frame   0x00001a94      0x144 /root/ws/makeself_dir_wVz5mf/y/plugins/com.st.stm32cube.ide.mcu.externaltools.gnu-tools-for-stm32.13.3.rel1.linux64_1.0.0.202410170706/tools/bin/../lib/gcc/arm-none-eabi/13.3.1/../../../../arm-none-eabi/lib/thumb/v7-m/nofp/libc_nano.a(libc_a-findfp.o)
 .debug_frame   0x00001bd8       0x34 /root/ws/makeself_dir_wVz5mf/y/plugins/com.st.stm32cube.ide.mcu.externaltools.gnu-tools-for-stm32.13.3.rel1.linux64_1.0.0.202410170706/tools/bin/../lib/gcc/arm-none-eabi/13.3.1/../../../../arm-none-eabi/lib/thumb/v7-m/nofp/libc_nano.a(libc_a-fwalk.o)
 .debug_frame   0x00001c0c       0x6c /root/ws/makeself_dir_wVz5mf/y/plugins/com.st.stm32cube.ide.mcu.externaltools.gnu-tools-for-stm32.13.3.rel1.linux64_1.0.0.202410170706/tools/bin/../lib/gcc/arm-none-eabi/13.3.1/../../../../arm-none-eabi/lib/thumb/v7-m/nofp/libc_nano.a(libc_a-printf.o)
 .debug_frame   0x00001c78       0x88 /root/ws/makeself_dir_wVz5mf/y/plugins/com.st.stm32cube.ide.mcu.externaltools.gnu-tools-for-stm32.13.3.rel1.linux64_1.0.0.202410170706/tools/bin/../lib/gcc/arm-none-eabi/13.3.1/../../../../arm-none-eabi/lib/thumb/v7-m/nofp/libc_nano.a(libc_a-stdio.o)
 .debug_frame   0x00001d00       0x20 /root/ws/makeself_dir_wVz5mf/y/plugins/com.st.stm32cube.ide.mcu.externaltools.gnu-tools-for-stm32.13.3.rel1.linux64_1.0.0.202410170706/tools/bin/../lib/gcc/arm-none-eabi/13.3.1/../../../../arm-none-eabi/lib/thumb/v7-m/nofp/libc_nano.a(libc_a-memset.o)
 .debug_frame   0x00001d20       0x2c /root/ws/makeself_dir_wVz5mf/y/plugins/com.st.stm32cube.ide.mcu.externaltools.gnu-tools-for-stm32.13.3.rel1.linux64_1.0.0.202410170706/tools/bin/../lib/gcc/arm-none-eabi/13.3.1/../../../../arm-none-eabi/lib/thumb/v7-m/nofp/libc_nano.a(libc_a-closer.o)
 .debug_frame   0x00001d4c       0x38 /root/ws/makeself_dir_wVz5mf/y/plugins/com.st.stm32cube.ide.mcu.externaltools.gnu-tools-for-stm32.13.3.rel1.linux64_1.0.0.202410170706/tools/bin/../lib/gcc/arm-none-eabi/13.3.1/../../../../arm-none-eabi/lib/thumb/v7-m/nofp/libc_nano.a(libc_a-reent.o)
 .debug_frame   0x00001d84       0x2c /root/ws/makeself_dir_wVz5mf/y/plugins/com.st.stm32cube.ide.mcu.externaltools.gnu-tools-for-stm32.13.3.rel1.linux64_1.0.0.202410170706/tools/bin/../lib/gcc/arm-none-eabi/13.3.1/../../../../arm-none-eabi/lib/thumb/v7-m/nofp/libc_nano.a(libc_a-lseekr.o)
 .debug_frame   0x00001db0       0x2c /root/ws/makeself_dir_wVz5mf/y/plugins/com.st.stm32cube.ide.mcu.externaltools.gnu-tools-for-stm32.13.3.rel1.linux64_1.0.0.202410170706/tools/bin/../lib/gcc/arm-none-eabi/13.3.1/../../../../arm-none-eabi/lib/thumb/v7-m/nofp/libc_nano.a(libc_a-readr.o)
 .debug_frame   0x00001ddc       0x2c /root/ws/makeself_dir_wVz5mf/y/plugins/com.st.stm32cube.ide.mcu.externaltools.gnu-tools-for-stm32.13.3.rel1.linux64_1.0.0.202410170706/tools/bin/../lib/gcc/arm-none-eabi/13.3.1/../../../../arm-none-eabi/lib/thumb/v7-m/nofp/libc_nano.a(libc_a-writer.o)
 .debug_frame   0x00001e08       0x20 /root/ws/makeself_dir_wVz5mf/y/plugins/com.st.stm32cube.ide.mcu.externaltools.gnu-tools-for-stm32.13.3.rel1.linux64_1.0.0.202410170706/tools/bin/../lib/gcc/arm-none-eabi/13.3.1/../../../../arm-none-eabi/lib/thumb/v7-m/nofp/libc_nano.a(libc_a-errno.o)
 .debug_frame   0x00001e28       0x2c /root/ws/makeself_dir_wVz5mf/y/plugins/com.st.stm32cube.ide.mcu.externaltools.gnu-tools-for-stm32.13.3.rel1.linux64_1.0.0.202410170706/tools/bin/../lib/gcc/arm-none-eabi/13.3.1/../../../../arm-none-eabi/lib/thumb/v7-m/nofp/libc_nano.a(libc_a-init.o)
 .debug_frame   0x00001e54       0xb0 /root/ws/makeself_dir_wVz5mf/y/plugins/com.st.stm32cube.ide.mcu.externaltools.gnu-tools-for-stm32.13.3.rel1.linux64_1.0.0.202410170706/tools/bin/../lib/gcc/arm-none-eabi/13.3.1/../../../../arm-none-eabi/lib/thumb/v7-m/nofp/libc_nano.a(libc_a-lock.o)
 .debug_frame   0x00001f04       0x38 /root/ws/makeself_dir_wVz5mf/y/plugins/com.st.stm32cube.ide.mcu.externaltools.gnu-tools-for-stm32.13.3.rel1.linux64_1.0.0.202410170706/tools/bin/../lib/gcc/arm-none-eabi/13.3.1/../../../../arm-none-eabi/lib/thumb/v7-m/nofp/libc_nano.a(libc_a-freer.o)
 .debug_frame   0x00001f3c       0x50 /root/ws/makeself_dir_wVz5mf/y/plugins/com.st.stm32cube.ide.mcu.externaltools.gnu-tools-for-stm32.13.3.rel1.linux64_1.0.0.202410170706/tools/bin/../lib/gcc/arm-none-eabi/13.3.1/../../../../arm-none-eabi/lib/thumb/v7-m/nofp/libc_nano.a(libc_a-mallocr.o)
 .debug_frame   0x00001f8c       0x30 /root/ws/makeself_dir_wVz5mf/y/plugins/com.st.stm32cube.ide.mcu.externaltools.gnu-tools-for-stm32.13.3.rel1.linux64_1.0.0.202410170706/tools/bin/../lib/gcc/arm-none-eabi/13.3.1/../../../../arm-none-eabi/lib/thumb/v7-m/nofp/libc_nano.a(libc_a-mlock.o)
 .debug_frame   0x00001fbc       0xa8 /root/ws/makeself_dir_wVz5mf/y/plugins/com.st.stm32cube.ide.mcu.externaltools.gnu-tools-for-stm32.13.3.rel1.linux64_1.0.0.202410170706/tools/bin/../lib/gcc/arm-none-eabi/13.3.1/../../../../arm-none-eabi/lib/thumb/v7-m/nofp/libc_nano.a(libc_a-nano-vfprintf.o)
 .debug_frame   0x00002064       0x60 /root/ws/makeself_dir_wVz5mf/y/plugins/com.st.stm32cube.ide.mcu.externaltools.gnu-tools-for-stm32.13.3.rel1.linux64_1.0.0.202410170706/tools/bin/../lib/gcc/arm-none-eabi/13.3.1/../../../../arm-none-eabi/lib/thumb/v7-m/nofp/libc_nano.a(libc_a-nano-vfprintf_i.o)
 .debug_frame   0x000020c4       0x5c /root/ws/makeself_dir_wVz5mf/y/plugins/com.st.stm32cube.ide.mcu.externaltools.gnu-tools-for-stm32.13.3.rel1.linux64_1.0.0.202410170706/tools/bin/../lib/gcc/arm-none-eabi/13.3.1/../../../../arm-none-eabi/lib/thumb/v7-m/nofp/libc_nano.a(libc_a-fflush.o)
 .debug_frame   0x00002120       0x40 /root/ws/makeself_dir_wVz5mf/y/plugins/com.st.stm32cube.ide.mcu.externaltools.gnu-tools-for-stm32.13.3.rel1.linux64_1.0.0.202410170706/tools/bin/../lib/gcc/arm-none-eabi/13.3.1/../../../../arm-none-eabi/lib/thumb/v7-m/nofp/libc_nano.a(libc_a-wbuf.o)
 .debug_frame   0x00002160       0x2c /root/ws/makeself_dir_wVz5mf/y/plugins/com.st.stm32cube.ide.mcu.externaltools.gnu-tools-for-stm32.13.3.rel1.linux64_1.0.0.202410170706/tools/bin/../lib/gcc/arm-none-eabi/13.3.1/../../../../arm-none-eabi/lib/thumb/v7-m/nofp/libc_nano.a(libc_a-wsetup.o)
 .debug_frame   0x0000218c       0x2c /root/ws/makeself_dir_wVz5mf/y/plugins/com.st.stm32cube.ide.mcu.externaltools.gnu-tools-for-stm32.13.3.rel1.linux64_1.0.0.202410170706/tools/bin/../lib/gcc/arm-none-eabi/13.3.1/../../../../arm-none-eabi/lib/thumb/v7-m/nofp/libc_nano.a(libc_a-sbrkr.o)
 .debug_frame   0x000021b8       0x28 /root/ws/makeself_dir_wVz5mf/y/plugins/com.st.stm32cube.ide.mcu.externaltools.gnu-tools-for-stm32.13.3.rel1.linux64_1.0.0.202410170706/tools/bin/../lib/gcc/arm-none-eabi/13.3.1/../../../../arm-none-eabi/lib/thumb/v7-m/nofp/libc_nano.a(libc_a-memchr-stub.o)
 .debug_frame   0x000021e0       0x58 /root/ws/makeself_dir_wVz5mf/y/plugins/com.st.stm32cube.ide.mcu.externaltools.gnu-tools-for-stm32.13.3.rel1.linux64_1.0.0.202410170706/tools/bin/../lib/gcc/arm-none-eabi/13.3.1/../../../../arm-none-eabi/lib/thumb/v7-m/nofp/libc_nano.a(libc_a-makebuf.o)
 .debug_frame   0x00002238       0x2c /root/ws/makeself_dir_wVz5mf/y/plugins/com.st.stm32cube.ide.mcu.externaltools.gnu-tools-for-stm32.13.3.rel1.linux64_1.0.0.202410170706/tools/bin/../lib/gcc/arm-none-eabi/13.3.1/../../../../arm-none-eabi/lib/thumb/v7-m/nofp/libc_nano.a(libc_a-fstatr.o)
 .debug_frame   0x00002264       0x2c /root/ws/makeself_dir_wVz5mf/y/plugins/com.st.stm32cube.ide.mcu.externaltools.gnu-tools-for-stm32.13.3.rel1.linux64_1.0.0.202410170706/tools/bin/../lib/gcc/arm-none-eabi/13.3.1/../../../../arm-none-eabi/lib/thumb/v7-m/nofp/libc_nano.a(libc_a-isattyr.o)
 .debug_frame   0x00002290       0x2c /root/ws/makeself_dir_wVz5mf/y/plugins/com.st.stm32cube.ide.mcu.externaltools.gnu-tools-for-stm32.13.3.rel1.linux64_1.0.0.202410170706/tools/bin/../lib/gcc/arm-none-eabi/13.3.1/thumb/v7-m/nofp/libgcc.a(_aeabi_uldivmod.o)
 .debug_frame   0x000022bc       0x34 /root/ws/makeself_dir_wVz5mf/y/plugins/com.st.stm32cube.ide.mcu.externaltools.gnu-tools-for-stm32.13.3.rel1.linux64_1.0.0.202410170706/tools/bin/../lib/gcc/arm-none-eabi/13.3.1/thumb/v7-m/nofp/libgcc.a(_udivmoddi4.o)

.debug_line_str
                0x00000000       0x45
 .debug_line_str
                0x00000000       0x45 ./Core/Startup/startup_stm32f207zgtx.o
