17:25:16 **** Build of configuration Debug for project dummy_project ****
make -j16 all 
arm-none-eabi-gcc "../Core/Src/main.c" -mcpu=cortex-m3 -std=gnu11 -g3 -DDEBUG -DUSE_HAL_DRIVER -DSTM32F207xx -c -I../Core/Inc -I../Drivers/STM32F2xx_HAL_Driver/Inc -I../Drivers/STM32F2xx_HAL_Driver/Inc/Legacy -I../Drivers/CMSIS/Device/ST/STM32F2xx/Include -I../Drivers/CMSIS/Include -O0 -ffunction-sections -fdata-sections -Wall -fstack-usage -fcyclomatic-complexity -MMD -MP -MF"Core/Src/main.d" -MT"Core/Src/main.o" --specs=nano.specs -mfloat-abi=soft -mthumb -o "Core/Src/main.o"
arm-none-eabi-gcc -o "dummy_project.elf" @"objects.list"   -mcpu=cortex-m3 -T"/root/ws/dummy_project/STM32F207ZGTX_FLASH.ld" --specs=nosys.specs -Wl,-Map="dummy_project.map" -Wl,--gc-sections -static --specs=nano.specs -mfloat-abi=soft -mthumb -Wl,--start-group -lc -lm -Wl,--end-group
Finished building target: dummy_project.elf
 
arm-none-eabi-size  dummy_project.elf 
arm-none-eabi-objdump -h -S dummy_project.elf  > "dummy_project.list"
   text	   data	    bss	    dec	    hex	filename
  11204	    104	   1976	  13284	   33e4	dummy_project.elf
Finished building: default.size.stdout
 
Finished building: dummy_project.list
 

17:25:16 Build Finished. 0 errors, 0 warnings. (took 235ms)

